export const snapshot = {};

snapshot[`skills > acquire 1`] = `
{
  "type": 8,
  "data": {
    "choices": [
      {
        "name": "Slow Debuff",
        "value": "slow"
      },
      {
        "name": "Defense Boost",
        "value": "defense"
      },
      {
        "name": "Emergency Healing",
        "value": "heal"
      },
      {
        "name": "Speed Boost",
        "value": "speed"
      },
      {
        "name": "Sneak Attack",
        "value": "grab"
      },
      {
        "name": "Lifesteal",
        "value": "lifesteal"
      },
      {
        "name": "Chain Attack",
        "value": "chain"
      },
      {
        "name": "Stun",
        "value": "stun"
      },
      {
        "name": "Enraged",
        "value": "enrage"
      },
      {
        "name": "Critical Hit",
        "value": "crit"
      }
    ]
  }
}
`;

snapshot[`skills > upgrade 1`] = `
{
  "type": 8,
  "data": {
    "choices": [
      {
        "name": "Slow Debuff",
        "value": "slow"
      },
      {
        "name": "Defense Boost",
        "value": "defense"
      },
      {
        "name": "Emergency Healing",
        "value": "heal"
      },
      {
        "name": "Speed Boost",
        "value": "speed"
      },
      {
        "name": "Sneak Attack",
        "value": "grab"
      },
      {
        "name": "Lifesteal",
        "value": "lifesteal"
      },
      {
        "name": "Chain Attack",
        "value": "chain"
      },
      {
        "name": "Stun",
        "value": "stun"
      },
      {
        "name": "Enraged",
        "value": "enrage"
      },
      {
        "name": "Critical Hit",
        "value": "crit"
      }
    ]
  }
}
`;
