export const snapshot = {};

snapshot[`characters search > aqua 1`] = `
[
  {
    id: "anilist:89362",
    mediaId: "anilist:21202",
    mediaTitle: [
      "KONOSUBA -God's blessing on this wonderful world!",
      "Kono Subarashii Sekai ni Shukufuku wo!",
      "この素晴らしい世界に祝福を！",
      "Konosuba",
      "Kono Subarashii Sekai ni Syukufuku wo!",
      "Konosuba - As Bençãos de Deus Neste Mundo Maravilhoso",
      "为美好的世界献上祝福！",
      "ขอให้โชคดีมีชัยในโลกแฟนตาซี!",
      "Konosuba : Une explosion dans ce monde merveilleux !",
    ],
    name: [
      "Aqua",
      "アクア",
    ],
    popularity: 379381,
    rating: 4,
    role: "MAIN",
  },
  {
    id: "anilist:183885",
    mediaId: "anilist:150672",
    mediaTitle: [
      "Oshi No Ko",
      "[Oshi no Ko]",
      "【推しの子】",
      "Favorite Girl",
      "My Idol's Child",
      "[Mein*Star]",
      "เกิดใหม่เป็นลูกโอชิ",
      "Anak Idola",
      "【OSHI NO KO】",
      "【推しの子】Mother and Children",
      "[Oshi no Ko] Mother and Children",
      "我推的孩子",
      "【최애의 아이】",
    ],
    name: [
      "Aquamarine Hoshino",
      "星野アクアマリン",
      "Aqua",
      "Prodigy Baby",
    ],
    popularity: 187260,
    rating: 3,
    role: "MAIN",
  },
  {
    id: "anilist:302601",
    mediaId: "anilist:154965",
    mediaTitle: [
      "My Love Story with Yamada-kun at Lv999",
      "Yamada-kun to Lv999 no Koi wo Suru",
      "山田くんとLv999の恋をする",
      "Loving Yamada at LV999!",
      "My Lv999 Love for Yamada-kun",
      "Minha História de Amor com Yamada-kun Nível 999",
      "รักสุดฟินเลเวล 999 กับยามาดะคุง ",
      "和山田进行LV.999的恋爱",
      "Моя любовь к Ямаде 999 уровня",
      "Mon histoire d'amour avec Yamada à Lv999",
      "和山田談場 Lv999 的戀愛",
    ],
    name: [
      "Shikkoku no Aqua",
      "漆黒のアクア",
    ],
    popularity: 109805,
    rating: 1,
    role: "BACKGROUND",
  },
  {
    id: "anilist:62609",
    mediaId: "anilist:11759",
    mediaTitle: [
      "Accel World",
      "アクセル・ワールド",
      "Accelerated World",
    ],
    name: [
      "Akira Himi",
      "氷見あきら",
      "Aqua Current",
      "アクア・カレント",
    ],
    popularity: 106257,
    rating: 2,
    role: "SUPPORTING",
  },
  {
    id: "anilist:247460",
    mediaId: "anilist:125206",
    mediaTitle: [
      "TSUKIMICHI -Moonlit Fantasy-",
      "Tsuki ga Michibiku Isekai Douchuu",
      "月が導く異世界道中",
      "Moon-led Journey Across Another World",
      "จันทรานำพาสู่ต่างโลก",
      "月光下的异世界之旅",
      "Благословлённое лунным светом приключение в другом мире",
    ],
    name: [
      "Aqua",
      "アクア",
    ],
    popularity: 95454,
    rating: 2,
    role: "SUPPORTING",
  },
  {
    id: "anilist:223874",
    mediaId: "anilist:2156",
    mediaTitle: [
      "Bakugan Battle Brawlers",
      "爆丸バトルブローラーズ",
      "Bakugan: Młodzi wojownicy",
    ],
    name: [
      "Aqua Predator",
      "アクアプレデター",
      "Aquos Preyas",
    ],
    popularity: 21634,
    rating: 1,
    role: "SUPPORTING",
  },
  {
    id: "anilist:206959",
    mediaId: "anilist:113666",
    mediaTitle: [
      "FFF-Class Trashero",
      "FFF Geum Gwansimyongsa",
      "FFF급 관심용사",
      "FFF级勇士求关注",
      "FFF-Class Trash hero",
    ],
    name: [
      "Aqua",
    ],
    popularity: 17122,
    rating: 1,
    role: "SUPPORTING",
  },
  {
    id: "anilist:3157",
    mediaId: "anilist:521",
    mediaTitle: [
      "Mermaid Melody: Pichi Pichi Pitch",
      "マーメイドメロディー ぴちぴちピッチ",
    ],
    name: [
      "Hanon Houshou",
      "宝生波音",
      "Aqua Pearl Mermaid Princess",
      "Hanon Hosho",
    ],
    popularity: 13844,
    rating: 1,
    role: "MAIN",
  },
  {
    id: "anilist:3165",
    mediaId: "anilist:521",
    mediaTitle: [
      "Mermaid Melody: Pichi Pichi Pitch",
      "マーメイドメロディー ぴちぴちピッチ",
    ],
    name: [
      "Aqua Regina",
      "アクア・レジーナ様",
    ],
    popularity: 13844,
    rating: 1,
    role: "SUPPORTING",
  },
  {
    id: "anilist:329113",
    mediaId: "anilist:218",
    mediaTitle: [
      "Martian Successor Nadesico",
      "Kidou Senkan Nadesico",
      "機動戦艦ナデシコ",
    ],
    name: [
      "Aqua Crimson",
      "アクア·クリムゾン",
    ],
    popularity: 12217,
    rating: 1,
    role: "SUPPORTING",
  },
  {
    id: "anilist:169497",
    mediaId: "anilist:118123",
    mediaTitle: [
      "Holo no Graffiti",
      "ホロのぐらふぃてぃ",
      "Hologra 3D Short Animation",
      "Hologra",
      "ホロぐら",
      "Hololive",
      "הולולייב",
    ],
    name: [
      "Aqua Minato",
      "湊あくあ",
      "Dai Tenshi Aqua",
      "Onion",
      "Baqua",
    ],
    popularity: 11024,
    rating: 1,
    role: "MAIN",
  },
  {
    id: "anilist:130382",
    mediaId: "anilist:98231",
    mediaTitle: [
      "Yu-Gi-Oh! VRAINS",
      "Yu☆Gi☆Oh! VRAINS",
      "遊☆戯☆王VRAINS",
    ],
    name: [
      "Aqua",
      "アクア",
      "Water Ignis",
    ],
    popularity: 9553,
    rating: 1,
    role: "SUPPORTING",
  },
  {
    id: "anilist:18095",
    mediaId: "anilist:738",
    mediaTitle: [
      "Marchen Awakens Romance",
      "MÄR",
      "メル",
      "Märchen Awakens Romance",
      "MAR-Heaven",
      "MÄR Heaven",
    ],
    name: [
      "Aqua",
    ],
    popularity: 7960,
    rating: 1,
    role: "SUPPORTING",
  },
  {
    id: "anilist:4840",
    mediaId: "anilist:1932",
    mediaTitle: [
      "Yes! Pretty Cure 5",
      "Yes! Precure 5",
      "Yes! プリキュア5",
    ],
    name: [
      "Karen Minazuki",
      "水無月かれん",
      "Cure Aqua (キュアアクア)",
    ],
    popularity: 5113,
    rating: 1,
    role: "MAIN",
  },
  {
    id: "anilist:153617",
    mediaId: "anilist:6008",
    mediaTitle: [
      "Jewelpet",
      "ジュエルペット",
      "Jewel Pet",
    ],
    name: [
      "Aqua",
      "アクア",
    ],
    popularity: 3281,
    rating: 1,
    role: "SUPPORTING",
  },
  {
    id: "anilist:31301",
    mediaId: "anilist:3051",
    mediaTitle: [
      "Yes! Precure 5: Kagami no Kuni no Miracle Daibouken!",
      "Yes! プリキュア５ 鏡の国のミラクル大冒険！",
      "Eiga Yes! Pretty Cure 5: Kagami no Kuni no Miracle Daibouken!",
      "Yes! Pretty Cure 5 Movie: Great Miraculous Adventure of the Mirror Country!",
      "Yes! Pretty Cure 5 the Movie: The Mirror Kingdom's Miraculous Adventure!",
      "Yes! Pretty Cure 5 - Le Pretty Cure nel Regno degli Specchi",
    ],
    name: [
      "Dark Aqua",
      "ダークアクア",
    ],
    popularity: 1987,
    rating: 1,
    role: "SUPPORTING",
  },
  {
    id: "anilist:302746",
    mediaId: "anilist:1040",
    mediaTitle: [
      "Mizuiro Jidai",
      "水色時代",
      "Aqua Age",
      "Blue Green Years",
      "Temi d'amore",
      "Temi d'amore tra i banchi di scuola",
    ],
    name: [
      "Atsuko Kawai",
      "河合厚子",
    ],
    popularity: 1288,
    rating: 1,
    role: "SUPPORTING",
  },
  {
    id: "anilist:302741",
    mediaId: "anilist:1040",
    mediaTitle: [
      "Mizuiro Jidai",
      "水色時代",
      "Aqua Age",
      "Blue Green Years",
      "Temi d'amore",
      "Temi d'amore tra i banchi di scuola",
    ],
    name: [
      "Toshiko Kawai",
      "河合敏子",
    ],
    popularity: 1288,
    rating: 1,
    role: "SUPPORTING",
  },
  {
    id: "anilist:167676",
    mediaId: "anilist:1040",
    mediaTitle: [
      "Mizuiro Jidai",
      "水色時代",
      "Aqua Age",
      "Blue Green Years",
      "Temi d'amore",
      "Temi d'amore tra i banchi di scuola",
    ],
    name: [
      "Hiroshi Naganuma",
      "長沼博士",
    ],
    popularity: 1288,
    rating: 1,
    role: "MAIN",
  },
  {
    id: "anilist:302745",
    mediaId: "anilist:1040",
    mediaTitle: [
      "Mizuiro Jidai",
      "水色時代",
      "Aqua Age",
      "Blue Green Years",
      "Temi d'amore",
      "Temi d'amore tra i banchi di scuola",
    ],
    name: [
      "Mari Sengawa",
      "仙川万里",
      "Maririn",
    ],
    popularity: 1288,
    rating: 1,
    role: "SUPPORTING",
  },
  {
    id: "anilist:168479",
    mediaId: "anilist:1040",
    mediaTitle: [
      "Mizuiro Jidai",
      "水色時代",
      "Aqua Age",
      "Blue Green Years",
      "Temi d'amore",
      "Temi d'amore tra i banchi di scuola",
    ],
    name: [
      "Rumiko Hirayama",
      "平山るみ子",
    ],
    popularity: 1288,
    rating: 1,
    role: "SUPPORTING",
  },
  {
    id: "anilist:302747",
    mediaId: "anilist:1040",
    mediaTitle: [
      "Mizuiro Jidai",
      "水色時代",
      "Aqua Age",
      "Blue Green Years",
      "Temi d'amore",
      "Temi d'amore tra i banchi di scuola",
    ],
    name: [
      "Shikito Hashimoto",
      "橋本識人",
      "Hashimo",
    ],
    popularity: 1288,
    rating: 1,
    role: "SUPPORTING",
  },
  {
    id: "anilist:167677",
    mediaId: "anilist:1040",
    mediaTitle: [
      "Mizuiro Jidai",
      "水色時代",
      "Aqua Age",
      "Blue Green Years",
      "Temi d'amore",
      "Temi d'amore tra i banchi di scuola",
    ],
    name: [
      "Takako Takahata",
      "高幡多可子",
      "Rika",
    ],
    popularity: 1288,
    rating: 1,
    role: "MAIN",
  },
  {
    id: "anilist:167675",
    mediaId: "anilist:1040",
    mediaTitle: [
      "Mizuiro Jidai",
      "水色時代",
      "Aqua Age",
      "Blue Green Years",
      "Temi d'amore",
      "Temi d'amore tra i banchi di scuola",
    ],
    name: [
      "Yuuko Kawai",
      "河合優子",
      "Yumi",
    ],
    popularity: 1288,
    rating: 1,
    role: "MAIN",
  },
  {
    id: "anilist:302744",
    mediaId: "anilist:1040",
    mediaTitle: [
      "Mizuiro Jidai",
      "水色時代",
      "Aqua Age",
      "Blue Green Years",
      "Temi d'amore",
      "Temi d'amore tra i banchi di scuola",
    ],
    name: [
      "Fuyuki Miyauchi",
      "宮内冬紀",
      "Miyau",
    ],
    popularity: 1288,
    rating: 1,
    role: "SUPPORTING",
  },
]
`;

snapshot[`characters search > megumin 1`] = `
[
  {
    id: "anilist:89361",
    mediaId: "anilist:21202",
    mediaTitle: [
      "KONOSUBA -God's blessing on this wonderful world!",
      "Kono Subarashii Sekai ni Shukufuku wo!",
      "この素晴らしい世界に祝福を！",
      "Konosuba",
      "Kono Subarashii Sekai ni Syukufuku wo!",
      "Konosuba - As Bençãos de Deus Neste Mundo Maravilhoso",
      "为美好的世界献上祝福！",
      "ขอให้โชคดีมีชัยในโลกแฟนตาซี!",
      "Konosuba : Une explosion dans ce monde merveilleux !",
    ],
    name: [
      "Megumin",
      "めぐみん",
      "Crazy Explosion Girl",
      "Psycho Girl",
    ],
    popularity: 379381,
    rating: 4,
    role: "MAIN",
  },
  {
    id: "anilist:120654",
    mediaId: "anilist:21699",
    mediaTitle: [
      "KONOSUBA -God's blessing on this wonderful world! 2",
      "Kono Subarashii Sekai ni Shukufuku wo! 2",
      "この素晴らしい世界に祝福を！2",
      "Konosuba 2",
      "Konosuba! - As Bençãos de Deus Neste Mundo Maravilhoso 2!",
      "为美好的世界献上祝福！2",
      "为美好的世界献上祝福第二季",
      "ขอให้โชคดีมีชัยในโลกแฟนตาซี! ภาค 2",
      "Konosuba : Une explosion dans ce monde merveilleux !",
    ],
    name: [
      "Chomusuke",
      "ちょむすけ",
      "Kuro (クロ)",
      "Shikkoku no Majuu (しっこくの魔獣)",
      "Megumin (めぐみん)",
      "Ink",
    ],
    popularity: 279600,
    rating: 3,
    role: "SUPPORTING",
  },
  {
    id: "anilist:121471",
    mediaId: "anilist:21685",
    mediaTitle: [
      "Eromanga Sensei",
      "エロマンガ先生",
      "Ero Manga Sensei",
      "情色漫画老师",
      "น้องสาวของผมคืออาจารย์เอโรมังงะ",
      "埃罗芒阿老师",
    ],
    name: [
      "Megumi Jinno",
      "神野めぐみ",
      "Megumin",
    ],
    popularity: 149085,
    rating: 2,
    role: "SUPPORTING",
  },
  {
    id: "anilist:126635",
    mediaId: "anilist:113415",
    mediaTitle: [
      "JUJUTSU KAISEN",
      "Jujutsu Kaisen",
      "呪術廻戦",
      "JJK",
      "Sorcery Fight",
      "咒术回战",
      "주술회전",
      "มหาเวทย์ผนึกมาร",
      "جوجوتسو كايسن",
      "Магическая битва",
      "咒術迴戰",
    ],
    name: [
      "Megumi Fushiguro",
      "伏黒恵",
      "Sea Urchin Head",
    ],
    popularity: 653549,
    rating: 5,
    role: "MAIN",
  },
  {
    id: "anilist:76026",
    mediaId: "anilist:20923",
    mediaTitle: [
      "Food Wars!",
      "Shokugeki no Souma",
      "食戟のソーマ",
      "لا سلام على طعام",
      "Food Wars! The First Plate",
      "食戟之灵",
      "ยอดนักปรุงโซมะ",
    ],
    name: [
      "Megumi Tadokoro",
      "田所恵",
      "Dunce",
      "Légumes Koro-pok-guru",
      "Légumes Zashiki-warashi",
      "Légumes Yuki-ko",
    ],
    popularity: 315174,
    rating: 4,
    role: "MAIN",
  },
  {
    id: "anilist:319096",
    mediaId: "anilist:145064",
    mediaTitle: [
      "JUJUTSU KAISEN Season 2",
      "Jujutsu Kaisen 2nd Season",
      "呪術廻戦 第2期",
      "呪術廻戦 懐玉・玉折／渋谷事変 ",
      "Jujutsu Kaisen: Kaigyoku Gyokusetsu / Shibuya Jihen",
      "Jujutsu Kaisen: Hidden Inventory / Premature Death",
      "JJK2",
      "咒術迴戰  第二季",
      "มหาเวทย์ผนึกมาร ภาค 2 ",
      "咒术回战 2",
      "2جوجوتسو كايسن ",
      "Jujutsu Kaisen: Shibuya Incident",
    ],
    name: [
      "Megumi no Haha",
      "恵の母",
      "Megumi's Mother",
    ],
    popularity: 252456,
    rating: 1,
    role: "BACKGROUND",
  },
  {
    id: "anilist:15870",
    mediaId: "anilist:105334",
    mediaTitle: [
      "Fruits Basket (2019)",
      "Fruits Basket: 1st Season",
      "フルーツバスケット 1st Season",
      "Fruits Basket (Zenpen)",
      "Furuba",
      "Fruba",
      "フルバ",
      "水果篮子（第一季）",
      "水果篮子（2019）",
      "เสน่ห์สาวข้าวปั้น",
    ],
    name: [
      "Megumi Hanajima",
      "花島恵",
    ],
    popularity: 228433,
    rating: 3,
    role: "SUPPORTING",
  },
  {
    id: "anilist:23344",
    mediaId: "anilist:5680",
    mediaTitle: [
      "K-ON!",
      "けいおん!",
      "Keion",
      "K on",
      "K-on",
      "케이온!",
      "轻音少女",
    ],
    name: [
      "Megumi Sokabe",
      "曽我部恵",
    ],
    popularity: 211070,
    rating: 3,
    role: "SUPPORTING",
  },
  {
    id: "anilist:135872",
    mediaId: "anilist:21595",
    mediaTitle: [
      "Haven't You Heard? I'm Sakamoto",
      "Sakamoto desu ga?",
      "坂本ですが?",
      "Sakamoto, pour vous servir !",
      "เทพศาสตร์ซากาโมโต้",
      "Gak Pernah Dengar Nama Aku Sakamoto?",
    ],
    name: [
      "Megumi Fujita",
      "藤田恵",
    ],
    popularity: 147756,
    rating: 2,
    role: "SUPPORTING",
  },
  {
    id: "anilist:11941",
    mediaId: "anilist:1210",
    mediaTitle: [
      "Welcome to the N-H-K",
      "NHK ni Youkoso!",
      "N・H・Kにようこそ！",
      "Welcome to the NHK",
      "Welcome to the N.H.K.",
      "欢迎加入NHK！",
      "Bienvenue dans la NHK",
    ],
    name: [
      "Megumi Kobayashi",
      "小林恵",
    ],
    popularity: 138662,
    rating: 2,
    role: "SUPPORTING",
  },
  {
    id: "anilist:88748",
    mediaId: "anilist:20657",
    mediaTitle: [
      "Saekano: How to Raise a Boring Girlfriend",
      "Saenai Heroine no Sodatekata",
      "冴えない彼女の育てかた",
      "Saekano",
      "路人女主的养成方法",
      "วิธีปั้นสาวบ้านให้มาเป็นนางเอกของผม",
    ],
    name: [
      "Megumi Katou",
      "加藤恵",
      "Megumi Kano",
      "Meguri",
    ],
    popularity: 136018,
    rating: 3,
    role: "MAIN",
  },
  {
    id: "anilist:124552",
    mediaId: "anilist:99426",
    mediaTitle: [
      "A Place Further Than the Universe",
      "Sora yori mo Tooi Basho",
      "宇宙よりも遠い場所",
      "Uchuu Yorimo Toui Basho",
      "Sora yorimo Tooi Basho",
      "Uchuu yori mo Tooi Basho",
      "Yorimoi",
      "מקום רחוק יותר מהיקום",
      "ตามหัวใจไปสุดขอบฟ้า",
      "ดินแดนที่ห่างไกลยิ่งกว่าอวกาศ",
    ],
    name: [
      "Megumi Takahashi",
      "高橋めぐみ",
      "Megu",
      "@megu_chann",
    ],
    popularity: 130530,
    rating: 2,
    role: "SUPPORTING",
  },
  {
    id: "anilist:34010",
    mediaId: "anilist:245",
    mediaTitle: [
      "GTO: Great Teacher Onizuka",
      "GTO",
      "グレート・ティーチャー・オニヅカ",
      "GTO - The Animation",
    ],
    name: [
      "Megumi Hoshino",
      "星野めぐみ",
    ],
    popularity: 123311,
    rating: 2,
    role: "SUPPORTING",
  },
  {
    id: "anilist:34122",
    mediaId: "anilist:245",
    mediaTitle: [
      "GTO: Great Teacher Onizuka",
      "GTO",
      "グレート・ティーチャー・オニヅカ",
      "GTO - The Animation",
    ],
    name: [
      "Megumi Asakura",
      "浅倉恵",
    ],
    popularity: 123311,
    rating: 2,
    role: "SUPPORTING",
  },
  {
    id: "anilist:46399",
    mediaId: "anilist:14289",
    mediaTitle: [
      'Say "I love you".',
      "Sukitte Ii na yo.",
      "好きっていいなよ。",
      "Suki-tte Ii na yo.",
      "Sukinayo",
    ],
    name: [
      "Megumi Kitagawa",
      "北川めぐみ",
      "Megu (めぐ)",
    ],
    popularity: 121349,
    rating: 2,
    role: "SUPPORTING",
  },
  {
    id: "anilist:131590",
    mediaId: "anilist:16742",
    mediaTitle: [
      "WataMote: No Matter How I Look At It, It's You Guys' Fault I'm Not Popular!",
      "Watashi ga Motenai no wa Dou Kangaetemo Omaera ga Warui!",
      "私がモテないのはどう考えてもお前らが悪い!",
      "Watashi ga Motenai no wa Dou Kangaete mo Omaera ga Warui!",
      "It's Not My Fault That I'm Not Popular!",
      "WataMote",
    ],
    name: [
      "Megumi Imae",
      "今江恵美",
    ],
    popularity: 118623,
    rating: 2,
    role: "SUPPORTING",
  },
  {
    id: "anilist:248881",
    mediaId: "anilist:17729",
    mediaTitle: [
      "The Fruit of Grisaia",
      "Grisaia no Kajitsu",
      "グリザイアの果実",
      "Le Fruit De La Grisaia",
    ],
    name: [
      "Megumi Komori",
      "古森めぐみ",
    ],
    popularity: 111441,
    rating: 2,
    role: "SUPPORTING",
  },
  {
    id: "anilist:132713",
    mediaId: "anilist:98478",
    mediaTitle: [
      "March comes in like a lion Season 2",
      "3-gatsu no Lion 2",
      "３月のライオン 2",
      "Sangatsu no Lion 2",
      "מרץ מגיע כאריה 2",
    ],
    name: [
      "Megumi Takagi",
      "高城めぐみ",
    ],
    popularity: 107645,
    rating: 2,
    role: "SUPPORTING",
  },
  {
    id: "anilist:58573",
    mediaId: "anilist:11759",
    mediaTitle: [
      "Accel World",
      "アクセル・ワールド",
      "Accelerated World",
    ],
    name: [
      "Megumi Wakamiya",
      "若宮恵",
      "Orchid Oracle",
    ],
    popularity: 106257,
    rating: 2,
    role: "SUPPORTING",
  },
  {
    id: "anilist:89055",
    mediaId: "anilist:20754",
    mediaTitle: [
      "SCHOOL-LIVE!",
      "Gakkou Gurashi!",
      "がっこうぐらし!",
    ],
    name: [
      "Megumi Sakura",
      "佐倉慈",
      "Megu-nee",
      "Sakura-sensei",
    ],
    popularity: 100246,
    rating: 2,
    role: "SUPPORTING",
  },
  {
    id: "anilist:7581",
    mediaId: "anilist:7724",
    mediaTitle: [
      "Shiki",
      "屍鬼",
      "Corpse Demon",
    ],
    name: [
      "Megumi Shimizu",
      "清水恵",
    ],
    popularity: 98786,
    rating: 2,
    role: "SUPPORTING",
  },
  {
    id: "anilist:209481",
    mediaId: "anilist:125428",
    mediaTitle: [
      "High-Rise Invasion",
      "Tenkuu Shinpan",
      "天空侵犯",
      "Sky-High Survival ",
      "Tenku Shinpan - Sem Saída",
      "غزاة ناطحات السحاب",
      "หน้ากากเดนนรก",
      "Invasión en las Alturas",
    ],
    name: [
      "Megumi Saito",
      "齋藤めぐみ",
    ],
    popularity: 96782,
    rating: 2,
    role: "SUPPORTING",
  },
  {
    id: "anilist:77803",
    mediaId: "anilist:10800",
    mediaTitle: [
      "Chihayafuru",
      "ちはやふる",
      "Chihayafull",
    ],
    name: [
      "Megumi Suda",
      "須田恵美",
    ],
    popularity: 96528,
    rating: 1,
    role: "BACKGROUND",
  },
  {
    id: "anilist:32315",
    mediaId: "anilist:6114",
    mediaTitle: [
      "Rainbow",
      "RAINBOW: Nisha Rokubou no Shichinin",
      "RAINBOW -二舎六房の七人-",
      "Rainbow: The Seven From Compound Two, Cell Six",
    ],
    name: [
      "Megumi Yokosuka",
      "横須賀メグ",
      "Meg",
    ],
    popularity: 71305,
    rating: 2,
    role: "SUPPORTING",
  },
  {
    id: "anilist:151",
    mediaId: "anilist:45",
    mediaTitle: [
      "Rurouni Kenshin",
      "Rurouni Kenshin: Meiji Kenkaku Romantan",
      "るろうに剣心 -明治剣客浪漫譚-",
      "Samurai X",
      "Rurouni Kenshin: Meiji Swordsman Romantic Story",
      "ซามูไรพเนจร",
      "Kenshin - Samurai vagabondo",
      "Lãng khách Kenshin",
      "רורואוני קנשין",
    ],
    name: [
      "Megumi Takani",
      "高荷恵",
      "Fox Lady",
      "Ahen Ona",
      "Opium Woman",
      "Medicine Chest",
    ],
    popularity: 70378,
    rating: 2,
    role: "SUPPORTING",
  },
]
`;

snapshot[`characters search > sayuri haruno 1`] = `
[
  {
    id: "anilist:135734",
    mediaId: "anilist:20813",
    mediaTitle: [
      "Bonjour♪Sweet Love Patisserie",
      "Bonjour♪ Koiaji Pâtisserie",
      "Bonjour♪恋味パティスリー",
    ],
    name: [
      "Sayuri Haruno",
      "春野小百合",
    ],
    popularity: 9914,
    rating: 1,
    role: "MAIN",
  },
  {
    id: "anilist:67289",
    mediaId: "anilist:20",
    mediaTitle: [
      "Naruto",
      "NARUTO",
      "NARUTO -ナルト-",
      "נארוטו",
      "ناروتو",
      "火影忍者",
      "นารูโตะ นินจาจอมคาถา",
      "Наруто",
    ],
    name: [
      "Mebuki Haruno",
      "春野メブキ",
    ],
    popularity: 526996,
    rating: 4,
    role: "SUPPORTING",
  },
  {
    id: "anilist:145",
    mediaId: "anilist:20",
    mediaTitle: [
      "Naruto",
      "NARUTO",
      "NARUTO -ナルト-",
      "נארוטו",
      "ناروتو",
      "火影忍者",
      "นารูโตะ นินจาจอมคาถา",
      "Наруто",
    ],
    name: [
      "Sakura Haruno",
      "春野サクラ",
    ],
    popularity: 526996,
    rating: 5,
    role: "MAIN",
  },
  {
    id: "anilist:67287",
    mediaId: "anilist:1735",
    mediaTitle: [
      "Naruto: Shippuden",
      "NARUTO: Shippuuden",
      "NARUTO -ナルト- 疾風伝",
      "Naruto Shippuuden",
      "Naruto Shippuden",
      "נארוטו שיפודן",
      "火影忍者 疾风传",
      "นารูโตะ ตำนานวายุสลาตัน",
      "ناروتو شيبودن",
    ],
    name: [
      "Kizashi Haruno",
      "春野キザシ",
    ],
    popularity: 449124,
    rating: 4,
    role: "SUPPORTING",
  },
  {
    id: "anilist:58855",
    mediaId: "anilist:11111",
    mediaTitle: [
      "Another",
      "アナザー",
    ],
    name: [
      "Sayuri Kakinuma",
      "柿沼小百合",
    ],
    popularity: 295457,
    rating: 3,
    role: "SUPPORTING",
  },
  {
    id: "anilist:79589",
    mediaId: "anilist:14813",
    mediaTitle: [
      "My Teen Romantic Comedy SNAFU",
      "Yahari Ore no Seishun Love Come wa Machigatteiru.",
      "やはり俺の青春ラブコメはまちがっている。",
      "Oregairu",
      "My youth romantic comedy is wrong as I expected.",
      "俺ガイル",
      "我的青春恋爱物语果然有问题",
      "กะแล้วชีวิตรักวัยรุ่นของผมมันต้องไม่สดใสเลยสักนิด",
    ],
    name: [
      "Haruno Yukinoshita",
      "雪ノ下陽乃",
      "Harunon",
    ],
    popularity: 276037,
    rating: 3,
    role: "SUPPORTING",
  },
  {
    id: "anilist:135249",
    mediaId: "anilist:20829",
    mediaTitle: [
      "Seraph of the End: Vampire Reign",
      "Owari no Seraph",
      "終わりのセラフ",
      "OwaSera",
      "Seraph of the End: El Reino de los Vampiros",
      "เทวทูตแห่งโลกมืด",
    ],
    name: [
      "Sayuri  Hanayori",
      "花依小百合",
    ],
    popularity: 243358,
    rating: 3,
    role: "SUPPORTING",
  },
  {
    id: "anilist:283247",
    mediaId: "anilist:113813",
    mediaTitle: [
      "Rent-a-Girlfriend",
      "Kanojo, Okarishimasu",
      "彼女、お借りします",
      "I'd like to Borrow a Girlfriend",
      "Kanokari",
      "สะดุดรักยัยแฟนเช่า",
      "Pacar Sewaan",
    ],
    name: [
      "Sayuri Ichinose",
      "一ノ瀬小百合",
      "Sayuri Ootori (鳳小百合)",
    ],
    popularity: 233423,
    rating: 3,
    role: "SUPPORTING",
  },
  {
    id: "anilist:10529",
    mediaId: "anilist:102883",
    mediaTitle: [
      "JoJo's Bizarre Adventure: Golden Wind",
      "JoJo no Kimyou na Bouken: Ougon no Kaze",
      "ジョジョの奇妙な冒険 黄金の風",
      "JoJo's Bizarre Adventure Part 5",
      "JoJo's Bizarre Adventure: Vento Aureo",
      "Le Bizzarre Avventure Di GioGio: Vento Aureo",
      "مغامرات جوجو العجيبة: الرياح الذهبية",
    ],
    name: [
      "Giorno Giovanna",
      "ジョルノ・ジョバァーナ",
      "GioGio",
      "Haruno Shiobana",
    ],
    popularity: 218342,
    rating: 4,
    role: "MAIN",
  },
  {
    id: "anilist:79163",
    mediaId: "anilist:20458",
    mediaTitle: [
      "The Irregular at Magic High School",
      "Mahouka Koukou no Rettousei",
      "魔法科高校の劣等生",
      "พี่น้องปริศนาโรงเรียนมหาเวท",
    ],
    name: [
      "Sayuri Shiba",
      "司波小百合",
    ],
    popularity: 191892,
    rating: 2,
    role: "SUPPORTING",
  },
  {
    id: "anilist:138142",
    mediaId: "anilist:21679",
    mediaTitle: [
      "Bungo Stray Dogs 2",
      "Bungou Stray Dogs 2nd Season",
      "文豪ストレイドッグス 第2シーズン",
      "Bungou Stray Dogs (2016)",
      "คณะประพันธกรจรจัด ภาค 2",
    ],
    name: [
      "Kirako Haruno",
      "春野綺羅子",
    ],
    popularity: 185551,
    rating: 2,
    role: "SUPPORTING",
  },
  {
    id: "anilist:187683",
    mediaId: "anilist:114888",
    mediaTitle: [
      "The Millionaire Detective - Balance: UNLIMITED",
      "Fugou Keiji: Balance:UNLIMITED",
      "富豪刑事 Balance:UNLIMITED",
    ],
    name: [
      "Sayuri Kanbe",
      "神戸小百合",
    ],
    popularity: 133312,
    rating: 2,
    role: "SUPPORTING",
  },
  {
    id: "anilist:156472",
    mediaId: "anilist:107693",
    mediaTitle: [
      "Welcome to Demon School! Iruma-kun",
      "Mairimashita! Iruma-kun",
      "魔入りました！入間くん",
      "Welcome to Demon School, Iruma-kun!",
      "入间同学入魔了！",
      "อิรุมะคุง พจญในแดนปีศาจ!",
    ],
    name: [
      "Haruno",
      "ハルノ",
    ],
    popularity: 110348,
    rating: 2,
    role: "SUPPORTING",
  },
  {
    id: "anilist:77591",
    mediaId: "anilist:16417",
    mediaTitle: [
      "Tamako Market",
      "たまこまーけっと",
    ],
    name: [
      "Sayuri Yumoto",
      "湯本さゆり",
    ],
    popularity: 100928,
    rating: 2,
    role: "SUPPORTING",
  },
  {
    id: "anilist:23683",
    mediaId: "anilist:7674",
    mediaTitle: [
      "Bakuman.",
      "バクマン。",
      "Бакуман.",
    ],
    name: [
      "Miyuki Azuki",
      "亜豆美雪",
      "Miyuki Haruno",
    ],
    popularity: 97645,
    rating: 2,
    role: "SUPPORTING",
  },
  {
    id: "anilist:239452",
    mediaId: "anilist:114065",
    mediaTitle: [
      "Remake Our Life!",
      "Bokutachi no Remake",
      "ぼくたちのリメイク",
      "Bokurema",
      "我们的重制人生",
      "ย้อนเวลา รีเมคชีวิต",
      "Ремейк нашей жизни!",
    ],
    name: [
      "Sayuri Jishouji",
      "慈照寺さゆり",
    ],
    popularity: 80065,
    rating: 2,
    role: "SUPPORTING",
  },
  {
    id: "anilist:55843",
    mediaId: "anilist:12291",
    mediaTitle: [
      "Place to Place",
      "Acchi Kocchi",
      "あっちこっち",
    ],
    name: [
      "Hime Haruno",
      "春野 姫",
      "Himecchi",
    ],
    popularity: 59280,
    rating: 3,
    role: "MAIN",
  },
  {
    id: "anilist:178525",
    mediaId: "anilist:235",
    mediaTitle: [
      "Case Closed",
      "Meitantei Conan",
      "名探偵コナン",
      "Detective Conan",
      "Detectiu Conan",
      "הבלש קונאן",
      "Detektyw Conan",
      "المحقق كونان",
      "名侦探柯南",
      "Meitantei Conan: Keisaku Gakkou Hen - Wild Police Story",
      "名探偵コナン 警察学校編 Wild Police Story",
      "Détective Conan",
      "ยอดนักสืบจิ๋วโคนัน",
      "Thám Tử Lừng Danh Conan",
    ],
    name: [
      "Sayuri Matsumoto",
      "松本小百合",
    ],
    popularity: 58455,
    rating: 1,
    role: "BACKGROUND",
  },
  {
    id: "anilist:120458",
    mediaId: "anilist:21714",
    mediaTitle: [
      "FLIP FLAPPERS",
      "Flip Flappers",
      "フリップフラッパーズ",
      "轻拍翻转小魔女",
      "Flip Flappers: Fantazja kontra świat",
    ],
    name: [
      "Sayuri",
      "サユリ",
    ],
    popularity: 54474,
    rating: 2,
    role: "SUPPORTING",
  },
  {
    id: "anilist:146441",
    mediaId: "anilist:20771",
    mediaTitle: [
      "Shomin Sample",
      'Ore ga Ojou-sama Gakkou ni "Shomin Sample" Toshite Gets-Sareta Ken',
      "俺がお嬢様学校に「庶民サンプル」としてゲッツされた件",
      "นายสามัญชนจอมกวน ป่วนหัวใจยัยคุณหนูไฮโซ",
      \`Story in Which I Was Kidnapped by a Young Lady's School to be a "Sample of the Common People"\`,
    ],
    name: [
      "Sayuri Kimachi",
      "来待早百合",
    ],
    popularity: 52004,
    rating: 2,
    role: "SUPPORTING",
  },
  {
    id: "anilist:89416",
    mediaId: "anilist:18689",
    mediaTitle: [
      "Ace of the Diamond",
      "Diamond no Ace",
      "ダイヤのA",
      "Daiya no Ace",
      "Ace of Diamond",
      "Daiya no A",
    ],
    name: [
      "Haruno Yoshikawa",
      "吉川春乃",
    ],
    popularity: 50992,
    rating: 2,
    role: "SUPPORTING",
  },
  {
    id: "anilist:151126",
    mediaId: "anilist:101239",
    mediaTitle: [
      "Ahiru no Sora",
      "あひるの空",
    ],
    name: [
      "Sayuri Wakamori",
      "若森さゆり",
    ],
    popularity: 48287,
    rating: 1,
    role: "SUPPORTING",
  },
  {
    id: "anilist:44328",
    mediaId: "anilist:10568",
    mediaTitle: [
      "Heaven's Memo Pad",
      "Kamisama no Memochou",
      "神様のメモ帳",
      "It's the Only NEET Thing to Do",
      "Kami-sama no Memo-chou",
      "Kamisama no Memo-chou",
      "God's Notebook",
      "Kamisama no Memo-chou: It's the Only NEET Thing to Do.",
      "ผ่าคดีลับนักสืบนีท",
    ],
    name: [
      "Sayuri Kuroda",
      "黒田 小百合",
    ],
    popularity: 43288,
    rating: 1,
    role: "SUPPORTING",
  },
  {
    id: "anilist:3902",
    mediaId: "anilist:433",
    mediaTitle: [
      "The Place Promised in Our Early Days",
      "Kumo no Mukou, Yakusoku no Basho",
      "雲のむこう、約束の場所",
      "Beyond the Clouds",
      "The Promised Place",
      "El lugar que nos prometimos",
      "La Tour au-delà des Nuages",
      "เหนือเมฆา ที่แห่งสัญญาของเรา",
      "Oltre le nuvole, il luogo promessoci",
    ],
    name: [
      "Sayuri Sawatari",
    ],
    popularity: 40417,
    rating: 1,
    role: "MAIN",
  },
  {
    id: "anilist:333",
    mediaId: "anilist:1530",
    mediaTitle: [
      "Kanon (2006)",
      "カノン (2006)",
      "Kanon Remake",
      "Kanon 2006",
    ],
    name: [
      "Sayuri Kurata",
      "倉田佐祐理",
    ],
    popularity: 39748,
    rating: 1,
    role: "SUPPORTING",
  },
]
`;

snapshot[`characters search > konosuba 1`] = `
[
  {
    id: "anilist:329387",
    mediaId: "anilist:21202",
    mediaTitle: [
      "KONOSUBA -God's blessing on this wonderful world!",
      "Kono Subarashii Sekai ni Shukufuku wo!",
      "この素晴らしい世界に祝福を！",
      "Konosuba",
      "Kono Subarashii Sekai ni Syukufuku wo!",
      "Konosuba - As Bençãos de Deus Neste Mundo Maravilhoso",
      "为美好的世界献上祝福！",
      "ขอให้โชคดีมีชัยในโลกแฟนตาซี!",
      "Konosuba : Une explosion dans ce monde merveilleux !",
    ],
    name: [
      "Fudousan Gyousha",
      "不動産業者",
      "Real Estate Agent",
    ],
    popularity: 379381,
    rating: 1,
    role: "BACKGROUND",
  },
  {
    id: "anilist:326530",
    mediaId: "anilist:21202",
    mediaTitle: [
      "KONOSUBA -God's blessing on this wonderful world!",
      "Kono Subarashii Sekai ni Shukufuku wo!",
      "この素晴らしい世界に祝福を！",
      "Konosuba",
      "Kono Subarashii Sekai ni Syukufuku wo!",
      "Konosuba - As Bençãos de Deus Neste Mundo Maravilhoso",
      "为美好的世界献上祝福！",
      "ขอให้โชคดีมีชัยในโลกแฟนตาซี!",
      "Konosuba : Une explosion dans ce monde merveilleux !",
    ],
    name: [
      "Uketsuke Succubus",
      "受付サキュバス",
      "Receptionist Succubus",
    ],
    popularity: 379381,
    rating: 3,
    role: "SUPPORTING",
  },
  {
    id: "anilist:326528",
    mediaId: "anilist:21202",
    mediaTitle: [
      "KONOSUBA -God's blessing on this wonderful world!",
      "Kono Subarashii Sekai ni Shukufuku wo!",
      "この素晴らしい世界に祝福を！",
      "Konosuba",
      "Kono Subarashii Sekai ni Syukufuku wo!",
      "Konosuba - As Bençãos de Deus Neste Mundo Maravilhoso",
      "为美好的世界献上祝福！",
      "ขอให้โชคดีมีชัยในโลกแฟนตาซี!",
      "Konosuba : Une explosion dans ce monde merveilleux !",
    ],
    name: [
      "Taylor",
      "テイラー",
    ],
    popularity: 379381,
    rating: 1,
    role: "BACKGROUND",
  },
  {
    id: "anilist:120652",
    mediaId: "anilist:21202",
    mediaTitle: [
      "KONOSUBA -God's blessing on this wonderful world!",
      "Kono Subarashii Sekai ni Shukufuku wo!",
      "この素晴らしい世界に祝福を！",
      "Konosuba",
      "Kono Subarashii Sekai ni Syukufuku wo!",
      "Konosuba - As Bençãos de Deus Neste Mundo Maravilhoso",
      "为美好的世界献上祝福！",
      "ขอให้โชคดีมีชัยในโลกแฟนตาซี!",
      "Konosuba : Une explosion dans ce monde merveilleux !",
    ],
    name: [
      "Yunyun",
      "ゆんゆん",
      "Frog Slayer",
    ],
    popularity: 379381,
    rating: 3,
    role: "SUPPORTING",
  },
  {
    id: "anilist:120657",
    mediaId: "anilist:21202",
    mediaTitle: [
      "KONOSUBA -God's blessing on this wonderful world!",
      "Kono Subarashii Sekai ni Shukufuku wo!",
      "この素晴らしい世界に祝福を！",
      "Konosuba",
      "Kono Subarashii Sekai ni Syukufuku wo!",
      "Konosuba - As Bençãos de Deus Neste Mundo Maravilhoso",
      "为美好的世界献上祝福！",
      "ขอให้โชคดีมีชัยในโลกแฟนตาซี!",
      "Konosuba : Une explosion dans ce monde merveilleux !",
    ],
    name: [
      "Luna",
      "ルナ",
      "Uketsukejou (受付嬢)",
    ],
    popularity: 379381,
    rating: 3,
    role: "SUPPORTING",
  },
  {
    id: "anilist:137174",
    mediaId: "anilist:21202",
    mediaTitle: [
      "KONOSUBA -God's blessing on this wonderful world!",
      "Kono Subarashii Sekai ni Shukufuku wo!",
      "この素晴らしい世界に祝福を！",
      "Konosuba",
      "Kono Subarashii Sekai ni Syukufuku wo!",
      "Konosuba - As Bençãos de Deus Neste Mundo Maravilhoso",
      "为美好的世界献上祝福！",
      "ขอให้โชคดีมีชัยในโลกแฟนตาซี!",
      "Konosuba : Une explosion dans ce monde merveilleux !",
    ],
    name: [
      "Tenshi",
      "天使",
    ],
    popularity: 379381,
    rating: 1,
    role: "BACKGROUND",
  },
  {
    id: "anilist:89364",
    mediaId: "anilist:21202",
    mediaTitle: [
      "KONOSUBA -God's blessing on this wonderful world!",
      "Kono Subarashii Sekai ni Shukufuku wo!",
      "この素晴らしい世界に祝福を！",
      "Konosuba",
      "Kono Subarashii Sekai ni Syukufuku wo!",
      "Konosuba - As Bençãos de Deus Neste Mundo Maravilhoso",
      "为美好的世界献上祝福！",
      "ขอให้โชคดีมีชัยในโลกแฟนตาซี!",
      "Konosuba : Une explosion dans ce monde merveilleux !",
    ],
    name: [
      "Kazuma Satou",
      "佐藤和真",
      "Kazutrash",
      "Crapuma",
    ],
    popularity: 379381,
    rating: 4,
    role: "MAIN",
  },
  {
    id: "anilist:326526",
    mediaId: "anilist:21202",
    mediaTitle: [
      "KONOSUBA -God's blessing on this wonderful world!",
      "Kono Subarashii Sekai ni Shukufuku wo!",
      "この素晴らしい世界に祝福を！",
      "Konosuba",
      "Kono Subarashii Sekai ni Syukufuku wo!",
      "Konosuba - As Bençãos de Deus Neste Mundo Maravilhoso",
      "为美好的世界献上祝福！",
      "ขอให้โชคดีมีชัยในโลกแฟนตาซี!",
      "Konosuba : Une explosion dans ce monde merveilleux !",
    ],
    name: [
      "Cedre",
      "セドル",
    ],
    popularity: 379381,
    rating: 1,
    role: "BACKGROUND",
  },
  {
    id: "anilist:89361",
    mediaId: "anilist:21202",
    mediaTitle: [
      "KONOSUBA -God's blessing on this wonderful world!",
      "Kono Subarashii Sekai ni Shukufuku wo!",
      "この素晴らしい世界に祝福を！",
      "Konosuba",
      "Kono Subarashii Sekai ni Syukufuku wo!",
      "Konosuba - As Bençãos de Deus Neste Mundo Maravilhoso",
      "为美好的世界献上祝福！",
      "ขอให้โชคดีมีชัยในโลกแฟนตาซี!",
      "Konosuba : Une explosion dans ce monde merveilleux !",
    ],
    name: [
      "Megumin",
      "めぐみん",
      "Crazy Explosion Girl",
      "Psycho Girl",
    ],
    popularity: 379381,
    rating: 4,
    role: "MAIN",
  },
  {
    id: "anilist:120655",
    mediaId: "anilist:21202",
    mediaTitle: [
      "KONOSUBA -God's blessing on this wonderful world!",
      "Kono Subarashii Sekai ni Shukufuku wo!",
      "この素晴らしい世界に祝福を！",
      "Konosuba",
      "Kono Subarashii Sekai ni Syukufuku wo!",
      "Konosuba - As Bençãos de Deus Neste Mundo Maravilhoso",
      "为美好的世界献上祝福！",
      "ขอให้โชคดีมีชัยในโลกแฟนตาซี!",
      "Konosuba : Une explosion dans ce monde merveilleux !",
    ],
    name: [
      "Wiz",
      "ウィズ",
      "Kouri no Majo (氷の魔女",
      "Ice Witch)",
    ],
    popularity: 379381,
    rating: 3,
    role: "SUPPORTING",
  },
  {
    id: "anilist:122424",
    mediaId: "anilist:21202",
    mediaTitle: [
      "KONOSUBA -God's blessing on this wonderful world!",
      "Kono Subarashii Sekai ni Shukufuku wo!",
      "この素晴らしい世界に祝福を！",
      "Konosuba",
      "Kono Subarashii Sekai ni Syukufuku wo!",
      "Konosuba - As Bençãos de Deus Neste Mundo Maravilhoso",
      "为美好的世界献上祝福！",
      "ขอให้โชคดีมีชัยในโลกแฟนตาซี!",
      "Konosuba : Une explosion dans ce monde merveilleux !",
    ],
    name: [
      "Sena",
      "セナ",
    ],
    popularity: 379381,
    rating: 3,
    role: "SUPPORTING",
  },
  {
    id: "anilist:326527",
    mediaId: "anilist:21202",
    mediaTitle: [
      "KONOSUBA -God's blessing on this wonderful world!",
      "Kono Subarashii Sekai ni Shukufuku wo!",
      "この素晴らしい世界に祝福を！",
      "Konosuba",
      "Kono Subarashii Sekai ni Syukufuku wo!",
      "Konosuba - As Bençãos de Deus Neste Mundo Maravilhoso",
      "为美好的世界献上祝福！",
      "ขอให้โชคดีมีชัยในโลกแฟนตาซี!",
      "Konosuba : Une explosion dans ce monde merveilleux !",
    ],
    name: [
      "Garilhe",
      "ガリル",
    ],
    popularity: 379381,
    rating: 1,
    role: "BACKGROUND",
  },
  {
    id: "anilist:136046",
    mediaId: "anilist:21202",
    mediaTitle: [
      "KONOSUBA -God's blessing on this wonderful world!",
      "Kono Subarashii Sekai ni Shukufuku wo!",
      "この素晴らしい世界に祝福を！",
      "Konosuba",
      "Kono Subarashii Sekai ni Syukufuku wo!",
      "Konosuba - As Bençãos de Deus Neste Mundo Maravilhoso",
      "为美好的世界献上祝福！",
      "ขอให้โชคดีมีชัยในโลกแฟนตาซี!",
      "Konosuba : Une explosion dans ce monde merveilleux !",
    ],
    name: [
      "Dust",
      "ダスト",
    ],
    popularity: 379381,
    rating: 3,
    role: "SUPPORTING",
  },
  {
    id: "anilist:307853",
    mediaId: "anilist:21202",
    mediaTitle: [
      "KONOSUBA -God's blessing on this wonderful world!",
      "Kono Subarashii Sekai ni Shukufuku wo!",
      "この素晴らしい世界に祝福を！",
      "Konosuba",
      "Kono Subarashii Sekai ni Syukufuku wo!",
      "Konosuba - As Bençãos de Deus Neste Mundo Maravilhoso",
      "为美好的世界献上祝福！",
      "ขอให้โชคดีมีชัยในโลกแฟนตาซี!",
      "Konosuba : Une explosion dans ce monde merveilleux !",
    ],
    name: [
      "Fio",
      "フィオ",
      "Maken no Yuusha no Nakama (魔剣の勇者の仲間)",
    ],
    popularity: 379381,
    rating: 3,
    role: "SUPPORTING",
  },
  {
    id: "anilist:240105",
    mediaId: "anilist:21202",
    mediaTitle: [
      "KONOSUBA -God's blessing on this wonderful world!",
      "Kono Subarashii Sekai ni Shukufuku wo!",
      "この素晴らしい世界に祝福を！",
      "Konosuba",
      "Kono Subarashii Sekai ni Syukufuku wo!",
      "Konosuba - As Bençãos de Deus Neste Mundo Maravilhoso",
      "为美好的世界献上祝福！",
      "ขอให้โชคดีมีชัยในโลกแฟนตาซี!",
      "Konosuba : Une explosion dans ce monde merveilleux !",
    ],
    name: [
      "Rin",
      "リーン",
      "Lean",
    ],
    popularity: 379381,
    rating: 3,
    role: "SUPPORTING",
  },
  {
    id: "anilist:89362",
    mediaId: "anilist:21202",
    mediaTitle: [
      "KONOSUBA -God's blessing on this wonderful world!",
      "Kono Subarashii Sekai ni Shukufuku wo!",
      "この素晴らしい世界に祝福を！",
      "Konosuba",
      "Kono Subarashii Sekai ni Syukufuku wo!",
      "Konosuba - As Bençãos de Deus Neste Mundo Maravilhoso",
      "为美好的世界献上祝福！",
      "ขอให้โชคดีมีชัยในโลกแฟนตาซี!",
      "Konosuba : Une explosion dans ce monde merveilleux !",
    ],
    name: [
      "Aqua",
      "アクア",
    ],
    popularity: 379381,
    rating: 4,
    role: "MAIN",
  },
  {
    id: "anilist:126854",
    mediaId: "anilist:21202",
    mediaTitle: [
      "KONOSUBA -God's blessing on this wonderful world!",
      "Kono Subarashii Sekai ni Shukufuku wo!",
      "この素晴らしい世界に祝福を！",
      "Konosuba",
      "Kono Subarashii Sekai ni Syukufuku wo!",
      "Konosuba - As Bençãos de Deus Neste Mundo Maravilhoso",
      "为美好的世界献上祝福！",
      "ขอให้โชคดีมีชัยในโลกแฟนตาซี!",
      "Konosuba : Une explosion dans ce monde merveilleux !",
    ],
    name: [
      "Arakuremono",
      "荒くれ者",
      "Ruffian",
    ],
    popularity: 379381,
    rating: 3,
    role: "SUPPORTING",
  },
  {
    id: "anilist:329386",
    mediaId: "anilist:21202",
    mediaTitle: [
      "KONOSUBA -God's blessing on this wonderful world!",
      "Kono Subarashii Sekai ni Shukufuku wo!",
      "この素晴らしい世界に祝福を！",
      "Konosuba",
      "Kono Subarashii Sekai ni Syukufuku wo!",
      "Konosuba - As Bençãos de Deus Neste Mundo Maravilhoso",
      "为美好的世界献上祝福！",
      "ขอให้โชคดีมีชัยในโลกแฟนตาซี!",
      "Konosuba : Une explosion dans ce monde merveilleux !",
    ],
    name: [
      "Cabbage",
      "キャベツ",
    ],
    popularity: 379381,
    rating: 1,
    role: "BACKGROUND",
  },
  {
    id: "anilist:326529",
    mediaId: "anilist:21202",
    mediaTitle: [
      "KONOSUBA -God's blessing on this wonderful world!",
      "Kono Subarashii Sekai ni Shukufuku wo!",
      "この素晴らしい世界に祝福を！",
      "Konosuba",
      "Kono Subarashii Sekai ni Syukufuku wo!",
      "Konosuba - As Bençãos de Deus Neste Mundo Maravilhoso",
      "为美好的世界献上祝福！",
      "ขอให้โชคดีมีชัยในโลกแฟนตาซี!",
      "Konosuba : Une explosion dans ce monde merveilleux !",
    ],
    name: [
      "Heinz",
      "ヘインズ",
    ],
    popularity: 379381,
    rating: 1,
    role: "BACKGROUND",
  },
  {
    id: "anilist:89363",
    mediaId: "anilist:21202",
    mediaTitle: [
      "KONOSUBA -God's blessing on this wonderful world!",
      "Kono Subarashii Sekai ni Shukufuku wo!",
      "この素晴らしい世界に祝福を！",
      "Konosuba",
      "Kono Subarashii Sekai ni Syukufuku wo!",
      "Konosuba - As Bençãos de Deus Neste Mundo Maravilhoso",
      "为美好的世界献上祝福！",
      "ขอให้โชคดีมีชัยในโลกแฟนตาซี!",
      "Konosuba : Une explosion dans ce monde merveilleux !",
    ],
    name: [
      "Darkness",
      "ダクネス",
    ],
    popularity: 379381,
    rating: 4,
    role: "MAIN",
  },
  {
    id: "anilist:326531",
    mediaId: "anilist:21202",
    mediaTitle: [
      "KONOSUBA -God's blessing on this wonderful world!",
      "Kono Subarashii Sekai ni Shukufuku wo!",
      "この素晴らしい世界に祝福を！",
      "Konosuba",
      "Kono Subarashii Sekai ni Syukufuku wo!",
      "Konosuba - As Bençãos de Deus Neste Mundo Maravilhoso",
      "为美好的世界献上祝福！",
      "ขอให้โชคดีมีชัยในโลกแฟนตาซี!",
      "Konosuba : Une explosion dans ce monde merveilleux !",
    ],
    name: [
      "Priest",
      "プリースト",
    ],
    popularity: 379381,
    rating: 1,
    role: "BACKGROUND",
  },
  {
    id: "anilist:203544",
    mediaId: "anilist:21202",
    mediaTitle: [
      "KONOSUBA -God's blessing on this wonderful world!",
      "Kono Subarashii Sekai ni Shukufuku wo!",
      "この素晴らしい世界に祝福を！",
      "Konosuba",
      "Kono Subarashii Sekai ni Syukufuku wo!",
      "Konosuba - As Bençãos de Deus Neste Mundo Maravilhoso",
      "为美好的世界献上祝福！",
      "ขอให้โชคดีมีชัยในโลกแฟนตาซี!",
      "Konosuba : Une explosion dans ce monde merveilleux !",
    ],
    name: [
      "Hakase",
      "博士",
      "Doctor",
      "Head Researcher",
    ],
    popularity: 379381,
    rating: 1,
    role: "BACKGROUND",
  },
  {
    id: "anilist:307854",
    mediaId: "anilist:21202",
    mediaTitle: [
      "KONOSUBA -God's blessing on this wonderful world!",
      "Kono Subarashii Sekai ni Shukufuku wo!",
      "この素晴らしい世界に祝福を！",
      "Konosuba",
      "Kono Subarashii Sekai ni Syukufuku wo!",
      "Konosuba - As Bençãos de Deus Neste Mundo Maravilhoso",
      "为美好的世界献上祝福！",
      "ขอให้โชคดีมีชัยในโลกแฟนตาซี!",
      "Konosuba : Une explosion dans ce monde merveilleux !",
    ],
    name: [
      "Cremea",
      "クレメア",
    ],
    popularity: 379381,
    rating: 3,
    role: "SUPPORTING",
  },
  {
    id: "anilist:136044",
    mediaId: "anilist:21202",
    mediaTitle: [
      "KONOSUBA -God's blessing on this wonderful world!",
      "Kono Subarashii Sekai ni Shukufuku wo!",
      "この素晴らしい世界に祝福を！",
      "Konosuba",
      "Kono Subarashii Sekai ni Syukufuku wo!",
      "Konosuba - As Bençãos de Deus Neste Mundo Maravilhoso",
      "为美好的世界献上祝福！",
      "ขอให้โชคดีมีชัยในโลกแฟนตาซี!",
      "Konosuba : Une explosion dans ce monde merveilleux !",
    ],
    name: [
      "Kyouya Mitsurugi",
      "御剣響夜",
      "Maken no Yuusha (魔剣の勇者)",
    ],
    popularity: 379381,
    rating: 3,
    role: "SUPPORTING",
  },
  {
    id: "anilist:329389",
    mediaId: "anilist:21202",
    mediaTitle: [
      "KONOSUBA -God's blessing on this wonderful world!",
      "Kono Subarashii Sekai ni Shukufuku wo!",
      "この素晴らしい世界に祝福を！",
      "Konosuba",
      "Kono Subarashii Sekai ni Syukufuku wo!",
      "Konosuba - As Bençãos de Deus Neste Mundo Maravilhoso",
      "为美好的世界献上祝福！",
      "ขอให้โชคดีมีชัยในโลกแฟนตาซี!",
      "Konosuba : Une explosion dans ce monde merveilleux !",
    ],
    name: [
      "Uketsuke",
      "受付",
      "Receptionist",
    ],
    popularity: 379381,
    rating: 1,
    role: "BACKGROUND",
  },
]
`;

snapshot[`media search > konosuba 1`] = `
[
  {
    id: "anilist:21202",
    popularity: 379381,
    title: [
      "KONOSUBA -God's blessing on this wonderful world!",
      "Kono Subarashii Sekai ni Shukufuku wo!",
      "この素晴らしい世界に祝福を！",
      "Konosuba",
      "Kono Subarashii Sekai ni Syukufuku wo!",
      "Konosuba - As Bençãos de Deus Neste Mundo Maravilhoso",
      "为美好的世界献上祝福！",
      "ขอให้โชคดีมีชัยในโลกแฟนตาซี!",
      "Konosuba : Une explosion dans ce monde merveilleux !",
    ],
  },
  {
    id: "anilist:21699",
    popularity: 279600,
    title: [
      "KONOSUBA -God's blessing on this wonderful world! 2",
      "Kono Subarashii Sekai ni Shukufuku wo! 2",
      "この素晴らしい世界に祝福を！2",
      "Konosuba 2",
      "Konosuba! - As Bençãos de Deus Neste Mundo Maravilhoso 2!",
      "为美好的世界献上祝福！2",
      "为美好的世界献上祝福第二季",
      "ขอให้โชคดีมีชัยในโลกแฟนตาซี! ภาค 2",
      "Konosuba : Une explosion dans ce monde merveilleux !",
    ],
  },
  {
    id: "anilist:102976",
    popularity: 173309,
    title: [
      "KONOSUBA -God's blessing on this wonderful world!- Legend of Crimson",
      "Kono Subarashii Sekai ni Shukufuku wo! Kurenai Densetsu",
      "この素晴らしい世界に祝福を！紅伝説",
      "Konosuba Movie",
      "このすば紅伝説",
      "ขอให้โชคดีมีชัยในโลกแฟนตาซี เดอะ มูฟวี่ ตำนานสีชาด",
    ],
  },
  {
    id: "anilist:21574",
    popularity: 95232,
    title: [
      "KONOSUBA -God's blessing on this wonderful world!: God's Blessings On This Wonderful Choker!",
      "Kono Subarashii Sekai ni Shukufuku wo!: Kono Subarashii Choker ni Shukufuku wo!",
      "この素晴らしい世界に祝福を！ この素晴らしいチョーカーに祝福を!",
      "Konosuba - As Bençãos de Deus Neste Mundo Maravilhoso: As Bençãos de Deus Nesta Maravilhosa Gargantilha!",
      "Konosuba ¡Bendito sea este mundo maravilloso!: ¡Bendita sea esta gargantilla maravillosa!",
    ],
  },
  {
    id: "anilist:97996",
    popularity: 84248,
    title: [
      "KONOSUBA -God's blessing on this wonderful world! 2: God's Blessings on These Wonderful Works of Art!",
      "Kono Subarashii Sekai ni Shukufuku wo! 2: Kono Subarashii Geijutsu ni Shukufuku wo!",
      "この素晴らしい世界に祝福を！ 2 この素晴らしい芸術に祝福を!",
      "Konosuba 2 OVA",
      "Konosuba! - As Bençãos de Deus Neste Mundo Maravilhoso 2!: As Bençãos de Deus Nestas Obras de Arte Maravilhosas!",
      "Konosuba ¡Bendito sea este mundo maravilloso!: ¡Benditas sean estas maravillosas obras de arte!",
    ],
  },
  {
    id: "anilist:150075",
    popularity: 79279,
    title: [
      "KONOSUBA -An Explosion on This Wonderful World!",
      "Kono Subarashii Sekai ni Bakuen wo!",
      "この素晴らしい世界に爆焔を！",
      "ขอให้ระเบิดตูมตามในโลกแฟนตาซี!",
      "為美好的世界獻上爆焰！",
      "Да благословит взрыв сей расчудесный мир!",
    ],
  },
  {
    id: "anilist:136804",
    popularity: 75010,
    title: [
      "KONOSUBA -God's Blessing on This Wonderful World! 3",
      "Kono Subarashii Sekai ni Shukufuku wo! 3",
      "この素晴らしい世界に祝福を! 3",
      "Konosuba 3",
      "ขอให้โชคดีมีชัยในโลกแฟนตาซี! ภาค 3",
    ],
  },
  {
    id: "anilist:85702",
    popularity: 7429,
    title: [
      "Konosuba: God's Blessing on This Wonderful World!",
      "Kono Subarashii Sekai ni Shukufuku wo!",
      "この素晴らしい世界に祝福を!",
      "KonoSuba: Abençoado mundo maravilhoso!",
      "ขอให้โชคดีมีชัยในโลกแฟนตาซี",
      "Konosuba: Soisbéni monde merveilleux!",
      "Konosuba: ¡Bendice este mundo maravilloso!",
    ],
  },
  {
    id: "anilist:97080",
    popularity: 3030,
    title: [
      "Konosuba: An Explosion on This Wonderful World!",
      "Kono Subarashii Sekai ni Bakuen wo!",
      "この素晴らしい世界に爆焔を！",
    ],
  },
]
`;
