export const snapshot = {};

snapshot[`all skills > snapshot 1`] = `
{
  "crit": {
    "cost": 2,
    "key": "~crit",
    "descKey": "~crit-desc",
    "categories": [
      "offensive"
    ],
    "max": 3,
    "stats": [
      {
        "key": "~crit-chance",
        "scale": [
          0.5,
          5,
          15
        ],
        "suffix": "%"
      },
      {
        "key": "~crit-damage",
        "scale": [
          30,
          45,
          60
        ],
        "suffix": "%"
      }
    ]
  },
  "speed": {
    "key": "~speed-boost",
    "descKey": "~speed-boost-desc",
    "categories": [
      "buff",
      "support"
    ],
    "cost": 1,
    "max": null,
    "stats": [
      {
        "key": "~boost",
        "suffix": "%",
        "factor": 1
      }
    ]
  },
  "defense": {
    "key": "~defense-boost",
    "descKey": "~defense-boost-desc",
    "categories": [
      "buff",
      "support"
    ],
    "cost": 1,
    "max": null,
    "stats": [
      {
        "key": "~boost",
        "suffix": "%",
        "factor": 1
      }
    ]
  },
  "slow": {
    "key": "~slow-debuff",
    "descKey": "~slow-debuff-desc",
    "categories": [
      "debuff",
      "support"
    ],
    "cost": 1,
    "max": null,
    "stats": [
      {
        "key": "~boost",
        "suffix": "%",
        "factor": 1
      }
    ]
  },
  "enrage": {
    "cost": 2,
    "key": "~enrage",
    "descKey": "~enrage-desc",
    "categories": [
      "buff",
      "offensive"
    ],
    "max": 3,
    "stats": [
      {
        "key": "~hp-remaining",
        "scale": [
          5,
          15,
          25
        ],
        "suffix": "%"
      },
      {
        "key": "~boost",
        "scale": [
          15,
          25,
          50
        ],
        "suffix": "%"
      }
    ]
  },
  "heal": {
    "cost": 2,
    "key": "~heal",
    "descKey": "~heal-desc",
    "categories": [
      "support",
      "heal"
    ],
    "max": 3,
    "stats": [
      {
        "key": "~heal-amount",
        "scale": [
          5,
          15,
          25
        ],
        "suffix": "%"
      }
    ]
  },
  "lifesteal": {
    "cost": 2,
    "key": "~lifesteal",
    "descKey": "~lifesteal-desc",
    "categories": [
      "heal",
      "offensive"
    ],
    "max": 3,
    "stats": [
      {
        "key": "~lifesteal-amount",
        "scale": [
          10,
          25,
          50
        ],
        "suffix": "%"
      }
    ]
  },
  "stun": {
    "cost": 2,
    "key": "~stun",
    "descKey": "~stun-desc",
    "categories": [
      "offensive"
    ],
    "max": 3,
    "stats": [
      {
        "key": "~stun-chance",
        "scale": [
          5,
          15,
          80
        ],
        "suffix": "%"
      }
    ]
  },
  "chain": {
    "cost": 10,
    "key": "~chain",
    "descKey": "~chain-desc",
    "categories": [
      "offensive"
    ],
    "max": 1,
    "stats": [
      {
        "key": "~chain-2-boost",
        "scale": [
          25
        ],
        "suffix": "%"
      },
      {
        "key": "~chain-3-boost",
        "scale": [
          50
        ],
        "suffix": "%"
      }
    ]
  },
  "grab": {
    "cost": 5,
    "key": "~sneak",
    "descKey": "~sneak-desc",
    "categories": [
      "offensive"
    ],
    "max": 1,
    "stats": []
  }
}
`;

snapshot[`/skills showall > page 0 1`] = `
{
  "type": 4,
  "data": {
    "embeds": [
      {
        "type": "rich",
        "description": "**Critical Hit** (2 Skill Points)\\nThe art of performing the traditional critical hit.\\n1. _Crit Chance (15%)_\\n2. _Crit Damage (60%)_\\n\\n**Speed Boost** (1 Skill Point)\\nBoost the speed of all party members (Not stackable)\\n1. _Boost by (10%)_\\n\\n**Defense Boost** (1 Skill Point)\\nBoost the defense of all party members (Not stackable)\\n1. _Boost by (10%)_"
      }
    ],
    "attachments": [],
    "components": [
      {
        "type": 1,
        "components": [
          {
            "type": 2,
            "custom_id": "skills==3=prev",
            "label": "Prev",
            "style": 2
          },
          {
            "type": 2,
            "custom_id": "_",
            "label": "1/4",
            "disabled": true,
            "style": 2
          },
          {
            "type": 2,
            "custom_id": "skills==1=next",
            "label": "Next",
            "style": 2
          }
        ]
      }
    ]
  }
}
`;
