export const snapshot = {};

snapshot[`commands 1`] = `
[
  {
    default_member_permissions: undefined,
    description: "search for a specific series",
    description_localizations: {
      "es-ES": "busca una serie específica",
    },
    dm_permission: false,
    name: "search",
    options: [
      {
        autocomplete: true,
        choices: undefined,
        description: "the title of the series",
        description_localizations: {
          "es-ES": "el título de la serie",
        },
        max_value: undefined,
        min_value: undefined,
        name: "title",
        options: undefined,
        required: true,
        type: 3,
      },
      {
        autocomplete: undefined,
        choices: undefined,
        description: "display the nerdy stuff",
        description_localizations: {
          "es-ES": "muestra los datos para nerds",
        },
        max_value: undefined,
        min_value: undefined,
        name: "debug",
        options: undefined,
        required: false,
        type: 5,
      },
      {
        autocomplete: undefined,
        choices: undefined,
        description: "view the characters from the series",
        description_localizations: {
          "es-ES": "muestra los personajes de la serie",
        },
        max_value: undefined,
        min_value: undefined,
        name: "characters",
        options: undefined,
        required: false,
        type: 5,
      },
    ],
    type: undefined,
  },
  {
    default_member_permissions: undefined,
    description: "search for a specific series",
    description_localizations: {
      "es-ES": "busca una serie específica",
    },
    dm_permission: false,
    name: "anime",
    options: [
      {
        autocomplete: true,
        choices: undefined,
        description: "the title of the series",
        description_localizations: {
          "es-ES": "el título de la serie",
        },
        max_value: undefined,
        min_value: undefined,
        name: "title",
        options: undefined,
        required: true,
        type: 3,
      },
      {
        autocomplete: undefined,
        choices: undefined,
        description: "display the nerdy stuff",
        description_localizations: {
          "es-ES": "muestra los datos para nerds",
        },
        max_value: undefined,
        min_value: undefined,
        name: "debug",
        options: undefined,
        required: false,
        type: 5,
      },
      {
        autocomplete: undefined,
        choices: undefined,
        description: "view the characters from the series",
        description_localizations: {
          "es-ES": "muestra los personajes de la serie",
        },
        max_value: undefined,
        min_value: undefined,
        name: "characters",
        options: undefined,
        required: false,
        type: 5,
      },
    ],
    type: undefined,
  },
  {
    default_member_permissions: undefined,
    description: "search for a specific series",
    description_localizations: {
      "es-ES": "busca una serie específica",
    },
    dm_permission: false,
    name: "manga",
    options: [
      {
        autocomplete: true,
        choices: undefined,
        description: "the title of the series",
        description_localizations: {
          "es-ES": "el título de la serie",
        },
        max_value: undefined,
        min_value: undefined,
        name: "title",
        options: undefined,
        required: true,
        type: 3,
      },
      {
        autocomplete: undefined,
        choices: undefined,
        description: "display the nerdy stuff",
        description_localizations: {
          "es-ES": "muestra los datos para nerds",
        },
        max_value: undefined,
        min_value: undefined,
        name: "debug",
        options: undefined,
        required: false,
        type: 5,
      },
      {
        autocomplete: undefined,
        choices: undefined,
        description: "view the characters from the series",
        description_localizations: {
          "es-ES": "muestra los personajes de la serie",
        },
        max_value: undefined,
        min_value: undefined,
        name: "characters",
        options: undefined,
        required: false,
        type: 5,
      },
    ],
    type: undefined,
  },
  {
    default_member_permissions: undefined,
    description: "search for a specific series",
    description_localizations: {
      "es-ES": "busca una serie específica",
    },
    dm_permission: false,
    name: "media",
    options: [
      {
        autocomplete: true,
        choices: undefined,
        description: "the title of the series",
        description_localizations: {
          "es-ES": "el título de la serie",
        },
        max_value: undefined,
        min_value: undefined,
        name: "title",
        options: undefined,
        required: true,
        type: 3,
      },
      {
        autocomplete: undefined,
        choices: undefined,
        description: "display the nerdy stuff",
        description_localizations: {
          "es-ES": "muestra los datos para nerds",
        },
        max_value: undefined,
        min_value: undefined,
        name: "debug",
        options: undefined,
        required: false,
        type: 5,
      },
      {
        autocomplete: undefined,
        choices: undefined,
        description: "view the characters from the series",
        description_localizations: {
          "es-ES": "muestra los personajes de la serie",
        },
        max_value: undefined,
        min_value: undefined,
        name: "characters",
        options: undefined,
        required: false,
        type: 5,
      },
    ],
    type: undefined,
  },
  {
    default_member_permissions: undefined,
    description: "search for a specific series",
    description_localizations: {
      "es-ES": "busca una serie específica",
    },
    dm_permission: false,
    name: "series",
    options: [
      {
        autocomplete: true,
        choices: undefined,
        description: "the title of the series",
        description_localizations: {
          "es-ES": "el título de la serie",
        },
        max_value: undefined,
        min_value: undefined,
        name: "title",
        options: undefined,
        required: true,
        type: 3,
      },
      {
        autocomplete: undefined,
        choices: undefined,
        description: "display the nerdy stuff",
        description_localizations: {
          "es-ES": "muestra los datos para nerds",
        },
        max_value: undefined,
        min_value: undefined,
        name: "debug",
        options: undefined,
        required: false,
        type: 5,
      },
      {
        autocomplete: undefined,
        choices: undefined,
        description: "view the characters from the series",
        description_localizations: {
          "es-ES": "muestra los personajes de la serie",
        },
        max_value: undefined,
        min_value: undefined,
        name: "characters",
        options: undefined,
        required: false,
        type: 5,
      },
    ],
    type: undefined,
  },
  {
    default_member_permissions: undefined,
    description: "search for a specific character",
    description_localizations: {
      "es-ES": "busca un personaje específico",
    },
    dm_permission: false,
    name: "character",
    options: [
      {
        autocomplete: true,
        choices: undefined,
        description: "the name of the character",
        description_localizations: {
          "es-ES": "el nombre del personaje",
        },
        max_value: undefined,
        min_value: undefined,
        name: "name",
        options: undefined,
        required: true,
        type: 3,
      },
      {
        autocomplete: undefined,
        choices: undefined,
        description: "display the nerdy stuff",
        description_localizations: {
          "es-ES": "muestra los datos para nerds",
        },
        max_value: undefined,
        min_value: undefined,
        name: "debug",
        options: undefined,
        required: false,
        type: 5,
      },
    ],
    type: undefined,
  },
  {
    default_member_permissions: undefined,
    description: "search for a specific character",
    description_localizations: {
      "es-ES": "busca un personaje específico",
    },
    dm_permission: false,
    name: "char",
    options: [
      {
        autocomplete: true,
        choices: undefined,
        description: "the name of the character",
        description_localizations: {
          "es-ES": "el nombre del personaje",
        },
        max_value: undefined,
        min_value: undefined,
        name: "name",
        options: undefined,
        required: true,
        type: 3,
      },
      {
        autocomplete: undefined,
        choices: undefined,
        description: "display the nerdy stuff",
        description_localizations: {
          "es-ES": "muestra los datos para nerds",
        },
        max_value: undefined,
        min_value: undefined,
        name: "debug",
        options: undefined,
        required: false,
        type: 5,
      },
    ],
    type: undefined,
  },
  {
    default_member_permissions: undefined,
    description: "list all characters found from a specific series",
    description_localizations: {
      "es-ES": "muestra todos los personajes de una serie que hayan sido obtenidos",
    },
    dm_permission: false,
    name: "found",
    options: [
      {
        autocomplete: true,
        choices: undefined,
        description: "the title of the series",
        description_localizations: {
          "es-ES": "el título de la serie",
        },
        max_value: undefined,
        min_value: undefined,
        name: "title",
        options: undefined,
        required: true,
        type: 3,
      },
    ],
    type: undefined,
  },
  {
    default_member_permissions: undefined,
    description: "list all characters found from a specific series",
    description_localizations: {
      "es-ES": "muestra todos los personajes de una serie que hayan sido obtenidos",
    },
    dm_permission: false,
    name: "owned",
    options: [
      {
        autocomplete: true,
        choices: undefined,
        description: "the title of the series",
        description_localizations: {
          "es-ES": "el título de la serie",
        },
        max_value: undefined,
        min_value: undefined,
        name: "title",
        options: undefined,
        required: true,
        type: 3,
      },
    ],
    type: undefined,
  },
  {
    default_member_permissions: undefined,
    description: "like a character to be notified if someone finds them",
    description_localizations: {
      "es-ES": "da like a un personaje y recibe notificaciones cuando alguien lo obtenga",
    },
    dm_permission: false,
    name: "like",
    options: [
      {
        autocomplete: true,
        choices: undefined,
        description: "the name of the character",
        description_localizations: {
          "es-ES": "el nombre del personaje",
        },
        max_value: undefined,
        min_value: undefined,
        name: "name",
        options: undefined,
        required: true,
        type: 3,
      },
    ],
    type: undefined,
  },
  {
    default_member_permissions: undefined,
    description: "like a character to be notified if someone finds them",
    description_localizations: {
      "es-ES": "da like a un personaje y recibe notificaciones cuando alguien lo obtenga",
    },
    dm_permission: false,
    name: "protect",
    options: [
      {
        autocomplete: true,
        choices: undefined,
        description: "the name of the character",
        description_localizations: {
          "es-ES": "el nombre del personaje",
        },
        max_value: undefined,
        min_value: undefined,
        name: "name",
        options: undefined,
        required: true,
        type: 3,
      },
    ],
    type: undefined,
  },
  {
    default_member_permissions: undefined,
    description: "like a character to be notified if someone finds them",
    description_localizations: {
      "es-ES": "da like a un personaje y recibe notificaciones cuando alguien lo obtenga",
    },
    dm_permission: false,
    name: "wish",
    options: [
      {
        autocomplete: true,
        choices: undefined,
        description: "the name of the character",
        description_localizations: {
          "es-ES": "el nombre del personaje",
        },
        max_value: undefined,
        min_value: undefined,
        name: "name",
        options: undefined,
        required: true,
        type: 3,
      },
    ],
    type: undefined,
  },
  {
    default_member_permissions: undefined,
    description: "remove character from your likes",
    description_localizations: {
      "es-ES": "quita personajes de tus likes",
    },
    dm_permission: false,
    name: "unlike",
    options: [
      {
        autocomplete: true,
        choices: undefined,
        description: "the name of the character",
        description_localizations: {
          "es-ES": "el nombre del personaje",
        },
        max_value: undefined,
        min_value: undefined,
        name: "name",
        options: undefined,
        required: true,
        type: 3,
      },
    ],
    type: undefined,
  },
  {
    default_member_permissions: undefined,
    description: "like a series to be notified if someone finds any character from it",
    description_localizations: {
      "es-ES": "da like a una serie y recibe notificaciones cuando alguien obtenga un personaje de ella",
    },
    dm_permission: false,
    name: "likeall",
    options: [
      {
        autocomplete: true,
        choices: undefined,
        description: "the title of the series",
        description_localizations: {
          "es-ES": "el título de la serie",
        },
        max_value: undefined,
        min_value: undefined,
        name: "title",
        options: undefined,
        required: true,
        type: 3,
      },
    ],
    type: undefined,
  },
  {
    default_member_permissions: undefined,
    description: "remove a series from your likes",
    description_localizations: {
      "es-ES": "quita series de tus likes",
    },
    dm_permission: false,
    name: "unlikeall",
    options: [
      {
        autocomplete: true,
        choices: undefined,
        description: "the title of the series",
        description_localizations: {
          "es-ES": "el título de la serie",
        },
        max_value: undefined,
        min_value: undefined,
        name: "title",
        options: undefined,
        required: true,
        type: 3,
      },
    ],
    type: undefined,
  },
  {
    default_member_permissions: undefined,
    description: "list all user likes",
    description_localizations: {
      "es-ES": "muestra todos tus likes",
    },
    dm_permission: false,
    name: "likeslist",
    options: [
      {
        autocomplete: undefined,
        choices: undefined,
        description: "the user of the likes list",
        description_localizations: {
          "es-ES": "el usuario de la lista de likes",
        },
        max_value: undefined,
        min_value: undefined,
        name: "user",
        options: undefined,
        required: false,
        type: 6,
      },
      {
        autocomplete: undefined,
        choices: undefined,
        description: "filter out the likes already found by the user",
        description_localizations: {
          "es-ES": "no mostrar los likes que ya poseas",
        },
        max_value: undefined,
        min_value: undefined,
        name: "filter",
        options: undefined,
        required: false,
        type: 5,
      },
    ],
    type: undefined,
  },
  {
    default_member_permissions: undefined,
    description: "give characters to another user",
    description_localizations: {
      "es-ES": "regala personajes a otro usuario",
    },
    dm_permission: false,
    name: "give",
    options: [
      {
        autocomplete: undefined,
        choices: undefined,
        description: "the user you want to trade with",
        description_localizations: {
          "es-ES": "el usuario con el que quieres intercambiar",
        },
        max_value: undefined,
        min_value: undefined,
        name: "user",
        options: undefined,
        required: true,
        type: 6,
      },
      {
        autocomplete: true,
        choices: undefined,
        description: "a character to give away",
        description_localizations: {
          "es-ES": "un personaje que darás",
        },
        max_value: undefined,
        min_value: undefined,
        name: "give",
        options: undefined,
        required: true,
        type: 3,
      },
      {
        autocomplete: true,
        choices: undefined,
        description: "a character to give away",
        description_localizations: {
          "es-ES": "un personaje que darás",
        },
        max_value: undefined,
        min_value: undefined,
        name: "give2",
        options: undefined,
        required: false,
        type: 3,
      },
      {
        autocomplete: true,
        choices: undefined,
        description: "a character to give away",
        description_localizations: {
          "es-ES": "un personaje que darás",
        },
        max_value: undefined,
        min_value: undefined,
        name: "give3",
        options: undefined,
        required: false,
        type: 3,
      },
    ],
    type: undefined,
  },
  {
    default_member_permissions: undefined,
    description: "give characters to another user",
    description_localizations: {
      "es-ES": "regala personajes a otro usuario",
    },
    dm_permission: false,
    name: "gift",
    options: [
      {
        autocomplete: undefined,
        choices: undefined,
        description: "the user you want to trade with",
        description_localizations: {
          "es-ES": "el usuario con el que quieres intercambiar",
        },
        max_value: undefined,
        min_value: undefined,
        name: "user",
        options: undefined,
        required: true,
        type: 6,
      },
      {
        autocomplete: true,
        choices: undefined,
        description: "a character to give away",
        description_localizations: {
          "es-ES": "un personaje que darás",
        },
        max_value: undefined,
        min_value: undefined,
        name: "give",
        options: undefined,
        required: true,
        type: 3,
      },
      {
        autocomplete: true,
        choices: undefined,
        description: "a character to give away",
        description_localizations: {
          "es-ES": "un personaje que darás",
        },
        max_value: undefined,
        min_value: undefined,
        name: "give2",
        options: undefined,
        required: false,
        type: 3,
      },
      {
        autocomplete: true,
        choices: undefined,
        description: "a character to give away",
        description_localizations: {
          "es-ES": "un personaje que darás",
        },
        max_value: undefined,
        min_value: undefined,
        name: "give3",
        options: undefined,
        required: false,
        type: 3,
      },
    ],
    type: undefined,
  },
  {
    default_member_permissions: undefined,
    description: "trade characters with another user",
    description_localizations: {
      "es-ES": "intercambia personajes con otro usuario",
    },
    dm_permission: false,
    name: "trade",
    options: [
      {
        autocomplete: undefined,
        choices: undefined,
        description: "the user you want to trade with",
        description_localizations: {
          "es-ES": "el usuario con el que quieres intercambiar",
        },
        max_value: undefined,
        min_value: undefined,
        name: "user",
        options: undefined,
        required: true,
        type: 6,
      },
      {
        autocomplete: true,
        choices: undefined,
        description: "a character to give away",
        description_localizations: {
          "es-ES": "un personaje que darás",
        },
        max_value: undefined,
        min_value: undefined,
        name: "give",
        options: undefined,
        required: true,
        type: 3,
      },
      {
        autocomplete: true,
        choices: undefined,
        description: "a character to take for yourself",
        description_localizations: {
          "es-ES": "un personaje que obtendrás",
        },
        max_value: undefined,
        min_value: undefined,
        name: "take",
        options: undefined,
        required: true,
        type: 3,
      },
      {
        autocomplete: true,
        choices: undefined,
        description: "a character to give away",
        description_localizations: {
          "es-ES": "un personaje que darás",
        },
        max_value: undefined,
        min_value: undefined,
        name: "give2",
        options: undefined,
        required: false,
        type: 3,
      },
      {
        autocomplete: true,
        choices: undefined,
        description: "a character to give away",
        description_localizations: {
          "es-ES": "un personaje que darás",
        },
        max_value: undefined,
        min_value: undefined,
        name: "give3",
        options: undefined,
        required: false,
        type: 3,
      },
      {
        autocomplete: true,
        choices: undefined,
        description: "a character to take for yourself",
        description_localizations: {
          "es-ES": "un personaje que obtendrás",
        },
        max_value: undefined,
        min_value: undefined,
        name: "take2",
        options: undefined,
        required: false,
        type: 3,
      },
      {
        autocomplete: true,
        choices: undefined,
        description: "a character to take for yourself",
        description_localizations: {
          "es-ES": "un personaje que obtendrás",
        },
        max_value: undefined,
        min_value: undefined,
        name: "take3",
        options: undefined,
        required: false,
        type: 3,
      },
    ],
    type: undefined,
  },
  {
    default_member_permissions: undefined,
    description: "trade characters with another user",
    description_localizations: {
      "es-ES": "intercambia personajes con otro usuario",
    },
    dm_permission: false,
    name: "offer",
    options: [
      {
        autocomplete: undefined,
        choices: undefined,
        description: "the user you want to trade with",
        description_localizations: {
          "es-ES": "el usuario con el que quieres intercambiar",
        },
        max_value: undefined,
        min_value: undefined,
        name: "user",
        options: undefined,
        required: true,
        type: 6,
      },
      {
        autocomplete: true,
        choices: undefined,
        description: "a character to give away",
        description_localizations: {
          "es-ES": "un personaje que darás",
        },
        max_value: undefined,
        min_value: undefined,
        name: "give",
        options: undefined,
        required: true,
        type: 3,
      },
      {
        autocomplete: true,
        choices: undefined,
        description: "a character to take for yourself",
        description_localizations: {
          "es-ES": "un personaje que obtendrás",
        },
        max_value: undefined,
        min_value: undefined,
        name: "take",
        options: undefined,
        required: true,
        type: 3,
      },
      {
        autocomplete: true,
        choices: undefined,
        description: "a character to give away",
        description_localizations: {
          "es-ES": "un personaje que darás",
        },
        max_value: undefined,
        min_value: undefined,
        name: "give2",
        options: undefined,
        required: false,
        type: 3,
      },
      {
        autocomplete: true,
        choices: undefined,
        description: "a character to give away",
        description_localizations: {
          "es-ES": "un personaje que darás",
        },
        max_value: undefined,
        min_value: undefined,
        name: "give3",
        options: undefined,
        required: false,
        type: 3,
      },
      {
        autocomplete: true,
        choices: undefined,
        description: "a character to take for yourself",
        description_localizations: {
          "es-ES": "un personaje que obtendrás",
        },
        max_value: undefined,
        min_value: undefined,
        name: "take2",
        options: undefined,
        required: false,
        type: 3,
      },
      {
        autocomplete: true,
        choices: undefined,
        description: "a character to take for yourself",
        description_localizations: {
          "es-ES": "un personaje que obtendrás",
        },
        max_value: undefined,
        min_value: undefined,
        name: "take3",
        options: undefined,
        required: false,
        type: 3,
      },
    ],
    type: undefined,
  },
  {
    default_member_permissions: undefined,
    description: "steal a character from another user",
    description_localizations: {
      "es-ES": "roba un personaje a otro usuario",
    },
    dm_permission: false,
    name: "steal",
    options: [
      {
        autocomplete: true,
        choices: undefined,
        description: "the name of the character",
        description_localizations: {
          "es-ES": "el nombre del personaje",
        },
        max_value: undefined,
        min_value: undefined,
        name: "name",
        options: undefined,
        required: true,
        type: 3,
      },
    ],
    type: undefined,
  },
  {
    default_member_permissions: undefined,
    description: "need more information? we got you",
    description_localizations: {
      "es-ES": "¿Necesitas más información? No te preocupes",
    },
    dm_permission: false,
    name: "help",
    options: [
      {
        autocomplete: undefined,
        choices: [
          {
            name: "Gacha",
            name_localizations: {
              "es-ES": "Gacha",
            },
            value: 0,
          },
          {
            name: "Merging",
            name_localizations: {
              "es-ES": "Combinar (merge)",
            },
            value: 1,
          },
          {
            name: "Party",
            name_localizations: {
              "es-ES": "Equipo (party)",
            },
            value: 2,
          },
          {
            name: "Stealing",
            name_localizations: {
              "es-ES": "Robar",
            },
            value: 3,
          },
          {
            name: "Combat",
            name_localizations: {
              "es-ES": "Combat",
            },
            value: 4,
          },
          {
            name: "Shop",
            name_localizations: {
              "es-ES": "Tienda",
            },
            value: 5,
          },
          {
            name: "Roadmap",
            name_localizations: {
              "es-ES": "Futuro del bot",
            },
            value: 6,
          },
          {
            name: "Essential Commands",
            name_localizations: {
              "es-ES": "Comandos Esenciales",
            },
            value: 7,
          },
          {
            name: "Other Commands",
            name_localizations: {
              "es-ES": "Otros Comandos",
            },
            value: 8,
          },
          {
            name: "Admin Commands",
            name_localizations: {
              "es-ES": "Comandos de Administrador",
            },
            value: 9,
          },
        ],
        description: "specify a page to display",
        description_localizations: {
          "es-ES": "especifica la página que quieres ver",
        },
        max_value: undefined,
        min_value: undefined,
        name: "page",
        options: undefined,
        required: false,
        type: 4,
      },
    ],
    type: undefined,
  },
  {
    default_member_permissions: undefined,
    description: "need more information? we got you",
    description_localizations: {
      "es-ES": "¿Necesitas más información? No te preocupes",
    },
    dm_permission: false,
    name: "start",
    options: [
      {
        autocomplete: undefined,
        choices: [
          {
            name: "Gacha",
            name_localizations: {
              "es-ES": "Gacha",
            },
            value: 0,
          },
          {
            name: "Merging",
            name_localizations: {
              "es-ES": "Combinar (merge)",
            },
            value: 1,
          },
          {
            name: "Party",
            name_localizations: {
              "es-ES": "Equipo (party)",
            },
            value: 2,
          },
          {
            name: "Stealing",
            name_localizations: {
              "es-ES": "Robar",
            },
            value: 3,
          },
          {
            name: "Combat",
            name_localizations: {
              "es-ES": "Combat",
            },
            value: 4,
          },
          {
            name: "Shop",
            name_localizations: {
              "es-ES": "Tienda",
            },
            value: 5,
          },
          {
            name: "Roadmap",
            name_localizations: {
              "es-ES": "Futuro del bot",
            },
            value: 6,
          },
          {
            name: "Essential Commands",
            name_localizations: {
              "es-ES": "Comandos Esenciales",
            },
            value: 7,
          },
          {
            name: "Other Commands",
            name_localizations: {
              "es-ES": "Otros Comandos",
            },
            value: 8,
          },
          {
            name: "Admin Commands",
            name_localizations: {
              "es-ES": "Comandos de Administrador",
            },
            value: 9,
          },
        ],
        description: "specify a page to display",
        description_localizations: {
          "es-ES": "especifica la página que quieres ver",
        },
        max_value: undefined,
        min_value: undefined,
        name: "page",
        options: undefined,
        required: false,
        type: 4,
      },
    ],
    type: undefined,
  },
  {
    default_member_permissions: undefined,
    description: "need more information? we got you",
    description_localizations: {
      "es-ES": "¿Necesitas más información? No te preocupes",
    },
    dm_permission: false,
    name: "guide",
    options: [
      {
        autocomplete: undefined,
        choices: [
          {
            name: "Gacha",
            name_localizations: {
              "es-ES": "Gacha",
            },
            value: 0,
          },
          {
            name: "Merging",
            name_localizations: {
              "es-ES": "Combinar (merge)",
            },
            value: 1,
          },
          {
            name: "Party",
            name_localizations: {
              "es-ES": "Equipo (party)",
            },
            value: 2,
          },
          {
            name: "Stealing",
            name_localizations: {
              "es-ES": "Robar",
            },
            value: 3,
          },
          {
            name: "Combat",
            name_localizations: {
              "es-ES": "Combat",
            },
            value: 4,
          },
          {
            name: "Shop",
            name_localizations: {
              "es-ES": "Tienda",
            },
            value: 5,
          },
          {
            name: "Roadmap",
            name_localizations: {
              "es-ES": "Futuro del bot",
            },
            value: 6,
          },
          {
            name: "Essential Commands",
            name_localizations: {
              "es-ES": "Comandos Esenciales",
            },
            value: 7,
          },
          {
            name: "Other Commands",
            name_localizations: {
              "es-ES": "Otros Comandos",
            },
            value: 8,
          },
          {
            name: "Admin Commands",
            name_localizations: {
              "es-ES": "Comandos de Administrador",
            },
            value: 9,
          },
        ],
        description: "specify a page to display",
        description_localizations: {
          "es-ES": "especifica la página que quieres ver",
        },
        max_value: undefined,
        min_value: undefined,
        name: "page",
        options: undefined,
        required: false,
        type: 4,
      },
    ],
    type: undefined,
  },
  {
    default_member_permissions: undefined,
    description: "need more information? we got you",
    description_localizations: {
      "es-ES": "¿Necesitas más información? No te preocupes",
    },
    dm_permission: false,
    name: "wiki",
    options: [
      {
        autocomplete: undefined,
        choices: [
          {
            name: "Gacha",
            name_localizations: {
              "es-ES": "Gacha",
            },
            value: 0,
          },
          {
            name: "Merging",
            name_localizations: {
              "es-ES": "Combinar (merge)",
            },
            value: 1,
          },
          {
            name: "Party",
            name_localizations: {
              "es-ES": "Equipo (party)",
            },
            value: 2,
          },
          {
            name: "Stealing",
            name_localizations: {
              "es-ES": "Robar",
            },
            value: 3,
          },
          {
            name: "Combat",
            name_localizations: {
              "es-ES": "Combat",
            },
            value: 4,
          },
          {
            name: "Shop",
            name_localizations: {
              "es-ES": "Tienda",
            },
            value: 5,
          },
          {
            name: "Roadmap",
            name_localizations: {
              "es-ES": "Futuro del bot",
            },
            value: 6,
          },
          {
            name: "Essential Commands",
            name_localizations: {
              "es-ES": "Comandos Esenciales",
            },
            value: 7,
          },
          {
            name: "Other Commands",
            name_localizations: {
              "es-ES": "Otros Comandos",
            },
            value: 8,
          },
          {
            name: "Admin Commands",
            name_localizations: {
              "es-ES": "Comandos de Administrador",
            },
            value: 9,
          },
        ],
        description: "specify a page to display",
        description_localizations: {
          "es-ES": "especifica la página que quieres ver",
        },
        max_value: undefined,
        min_value: undefined,
        name: "page",
        options: undefined,
        required: false,
        type: 4,
      },
    ],
    type: undefined,
  },
  {
    default_member_permissions: undefined,
    description: "need more information? we got you",
    description_localizations: {
      "es-ES": "¿Necesitas más información? No te preocupes",
    },
    dm_permission: false,
    name: "tuto",
    options: [
      {
        autocomplete: undefined,
        choices: [
          {
            name: "Gacha",
            name_localizations: {
              "es-ES": "Gacha",
            },
            value: 0,
          },
          {
            name: "Merging",
            name_localizations: {
              "es-ES": "Combinar (merge)",
            },
            value: 1,
          },
          {
            name: "Party",
            name_localizations: {
              "es-ES": "Equipo (party)",
            },
            value: 2,
          },
          {
            name: "Stealing",
            name_localizations: {
              "es-ES": "Robar",
            },
            value: 3,
          },
          {
            name: "Combat",
            name_localizations: {
              "es-ES": "Combat",
            },
            value: 4,
          },
          {
            name: "Shop",
            name_localizations: {
              "es-ES": "Tienda",
            },
            value: 5,
          },
          {
            name: "Roadmap",
            name_localizations: {
              "es-ES": "Futuro del bot",
            },
            value: 6,
          },
          {
            name: "Essential Commands",
            name_localizations: {
              "es-ES": "Comandos Esenciales",
            },
            value: 7,
          },
          {
            name: "Other Commands",
            name_localizations: {
              "es-ES": "Otros Comandos",
            },
            value: 8,
          },
          {
            name: "Admin Commands",
            name_localizations: {
              "es-ES": "Comandos de Administrador",
            },
            value: 9,
          },
        ],
        description: "specify a page to display",
        description_localizations: {
          "es-ES": "especifica la página que quieres ver",
        },
        max_value: undefined,
        min_value: undefined,
        name: "page",
        options: undefined,
        required: false,
        type: 4,
      },
    ],
    type: undefined,
  },
  {
    default_member_permissions: undefined,
    description: "check what you can do right now",
    description_localizations: {
      "es-ES": "comprueba lo que puedes hacer ahora mismo",
    },
    dm_permission: false,
    name: "now",
    options: undefined,
    type: undefined,
  },
  {
    default_member_permissions: undefined,
    description: "check what you can do right now",
    description_localizations: {
      "es-ES": "comprueba lo que puedes hacer ahora mismo",
    },
    dm_permission: false,
    name: "vote",
    options: undefined,
    type: undefined,
  },
  {
    default_member_permissions: undefined,
    description: "check what you can do right now",
    description_localizations: {
      "es-ES": "comprueba lo que puedes hacer ahora mismo",
    },
    dm_permission: false,
    name: "tu",
    options: undefined,
    type: undefined,
  },
  {
    default_member_permissions: undefined,
    description: "start a gacha pull but with no animations",
    description_localizations: {
      "es-ES": "realiza una tirada pero sin animaciones",
    },
    dm_permission: false,
    name: "q",
    options: undefined,
    type: undefined,
  },
  {
    default_member_permissions: undefined,
    description: "start a new gacha pull",
    description_localizations: {
      "es-ES": "realiza una tirada de gacha",
    },
    dm_permission: false,
    name: "gacha",
    options: undefined,
    type: undefined,
  },
  {
    default_member_permissions: undefined,
    description: "start a new gacha pull",
    description_localizations: {
      "es-ES": "realiza una tirada de gacha",
    },
    dm_permission: false,
    name: "w",
    options: undefined,
    type: undefined,
  },
  {
    default_member_permissions: undefined,
    description: "use a guaranteed pull you have",
    description_localizations: {
      "es-ES": "usa una tirada garantizada que hayas comprado",
    },
    dm_permission: false,
    name: "pull",
    options: [
      {
        autocomplete: undefined,
        choices: [
          {
            name: "5",
            value: 5,
          },
          {
            name: "4",
            value: 4,
          },
          {
            name: "3",
            value: 3,
          },
        ],
        description: "the star rating",
        description_localizations: {
          "es-ES": "el grado de estrellas",
        },
        max_value: undefined,
        min_value: undefined,
        name: "stars",
        options: undefined,
        required: true,
        type: 4,
      },
    ],
    type: undefined,
  },
  {
    default_member_permissions: undefined,
    description: "use a guaranteed pull you have",
    description_localizations: {
      "es-ES": "usa una tirada garantizada que hayas comprado",
    },
    dm_permission: false,
    name: "guaranteed",
    options: [
      {
        autocomplete: undefined,
        choices: [
          {
            name: "5",
            value: 5,
          },
          {
            name: "4",
            value: 4,
          },
          {
            name: "3",
            value: 3,
          },
        ],
        description: "the star rating",
        description_localizations: {
          "es-ES": "el grado de estrellas",
        },
        max_value: undefined,
        min_value: undefined,
        name: "stars",
        options: undefined,
        required: true,
        type: 4,
      },
    ],
    type: undefined,
  },
  {
    default_member_permissions: undefined,
    description: "change the image of a character",
    description_localizations: {
      "es-ES": "cambia la imagen de un personaje",
    },
    dm_permission: false,
    name: "image",
    options: [
      {
        autocomplete: true,
        choices: undefined,
        description: "the name of the character",
        description_localizations: {
          "es-ES": "el nombre del personaje",
        },
        max_value: undefined,
        min_value: undefined,
        name: "character",
        options: undefined,
        required: true,
        type: 3,
      },
      {
        autocomplete: undefined,
        choices: undefined,
        description: "new image url",
        description_localizations: {
          "es-ES": "URL de la nueva imagen",
        },
        max_value: undefined,
        min_value: undefined,
        name: "new_image",
        options: undefined,
        required: false,
        type: 3,
      },
    ],
    type: undefined,
  },
  {
    default_member_permissions: undefined,
    description: "change the image of a character",
    description_localizations: {
      "es-ES": "cambia la imagen de un personaje",
    },
    dm_permission: false,
    name: "custom",
    options: [
      {
        autocomplete: true,
        choices: undefined,
        description: "the name of the character",
        description_localizations: {
          "es-ES": "el nombre del personaje",
        },
        max_value: undefined,
        min_value: undefined,
        name: "character",
        options: undefined,
        required: true,
        type: 3,
      },
      {
        autocomplete: undefined,
        choices: undefined,
        description: "new image url",
        description_localizations: {
          "es-ES": "URL de la nueva imagen",
        },
        max_value: undefined,
        min_value: undefined,
        name: "new_image",
        options: undefined,
        required: false,
        type: 3,
      },
    ],
    type: undefined,
  },
  {
    default_member_permissions: undefined,
    description: "change the nickname of a character",
    description_localizations: {
      "es-ES": "cambia el apodo de un personaje",
    },
    dm_permission: false,
    name: "nick",
    options: [
      {
        autocomplete: true,
        choices: undefined,
        description: "the name of the character",
        description_localizations: {
          "es-ES": "el nombre del personaje",
        },
        max_value: undefined,
        min_value: undefined,
        name: "character",
        options: undefined,
        required: true,
        type: 3,
      },
      {
        autocomplete: undefined,
        choices: undefined,
        description: "new nickname",
        description_localizations: {
          "es-ES": "nuevo apodo",
        },
        max_value: undefined,
        min_value: undefined,
        name: "new_nick",
        options: undefined,
        required: false,
        type: 3,
      },
    ],
    type: undefined,
  },
  {
    default_member_permissions: undefined,
    description: "merge characters together to pull a new character",
    description_localizations: {
      "es-ES": "combina personajes para obtener uno nuevo",
    },
    dm_permission: false,
    name: "merge",
    options: [
      {
        autocomplete: undefined,
        choices: [
          {
            name: "5",
            value: 5,
          },
          {
            name: "4",
            value: 4,
          },
          {
            name: "3",
            value: 3,
          },
          {
            name: "2",
            value: 2,
          },
        ],
        description: "the target star rating of the merge",
        description_localizations: {
          "es-ES": "el grado del personaje a obtener",
        },
        max_value: undefined,
        min_value: undefined,
        name: "target",
        options: undefined,
        required: true,
        type: 4,
      },
    ],
    type: undefined,
  },
  {
    default_member_permissions: undefined,
    description: "merge characters together to pull a new character",
    description_localizations: {
      "es-ES": "combina personajes para obtener uno nuevo",
    },
    dm_permission: false,
    name: "synthesize",
    options: [
      {
        autocomplete: undefined,
        choices: [
          {
            name: "5",
            value: 5,
          },
          {
            name: "4",
            value: 4,
          },
          {
            name: "3",
            value: 3,
          },
          {
            name: "2",
            value: 2,
          },
        ],
        description: "the target star rating of the merge",
        description_localizations: {
          "es-ES": "el grado del personaje a obtener",
        },
        max_value: undefined,
        min_value: undefined,
        name: "target",
        options: undefined,
        required: true,
        type: 4,
      },
    ],
    type: undefined,
  },
  {
    default_member_permissions: undefined,
    description: "/automerge",
    description_localizations: {
      "es-ES": undefined,
    },
    dm_permission: false,
    name: "automerge",
    options: [
      {
        autocomplete: undefined,
        choices: undefined,
        description: "merge your characters together to pull the lowest rating possible",
        description_localizations: {
          "es-ES": "haz una combinación de personajes del nivel más bajo posible",
        },
        max_value: undefined,
        min_value: undefined,
        name: "min",
        options: undefined,
        required: false,
        type: 1,
      },
      {
        autocomplete: undefined,
        choices: undefined,
        description: "merge your characters together to pull the highest rating possible",
        description_localizations: {
          "es-ES": "haz una combinación de personajes del nivel más alto posible",
        },
        max_value: undefined,
        min_value: undefined,
        name: "max",
        options: undefined,
        required: false,
        type: 1,
      },
    ],
    type: undefined,
  },
  {
    default_member_permissions: undefined,
    description: "list user last few found characters",
    description_localizations: {
      "es-ES": "muestra los últimos personajes obtenidos",
    },
    dm_permission: false,
    name: "logs",
    options: [
      {
        autocomplete: undefined,
        choices: undefined,
        description: "the user of the list",
        description_localizations: {
          "es-ES": "el usuario de la lista",
        },
        max_value: undefined,
        min_value: undefined,
        name: "user",
        options: undefined,
        required: false,
        type: 6,
      },
    ],
    type: undefined,
  },
  {
    default_member_permissions: undefined,
    description: "token shop commands",
    description_localizations: {
      "es-ES": undefined,
    },
    dm_permission: false,
    name: "buy",
    options: [
      {
        autocomplete: undefined,
        choices: undefined,
        description: "use tokens to buy normal pulls",
        description_localizations: {
          "es-ES": "usa tokens para comprar tiradas normales",
        },
        max_value: undefined,
        min_value: undefined,
        name: "normal",
        options: [
          {
            autocomplete: undefined,
            choices: undefined,
            description: "the amount of pulls you want to buy",
            description_localizations: {
              "es-ES": "la cantidad de tiradas a comprar",
            },
            max_value: 99,
            min_value: 1,
            name: "amount",
            options: undefined,
            required: true,
            type: 4,
          },
        ],
        required: false,
        type: 1,
      },
      {
        autocomplete: undefined,
        choices: undefined,
        description: "use tokens to buy pulls with a specific guaranteed rating",
        description_localizations: {
          "es-ES": "usa tokens para comprar tiradas de un grado garantizado",
        },
        max_value: undefined,
        min_value: undefined,
        name: "guaranteed",
        options: [
          {
            autocomplete: undefined,
            choices: [
              {
                name: "5",
                value: 5,
              },
              {
                name: "4",
                value: 4,
              },
              {
                name: "3",
                value: 3,
              },
            ],
            description: "the star rating you want to buy",
            description_localizations: {
              "es-ES": "el grado de estrellas a comprar",
            },
            max_value: undefined,
            min_value: undefined,
            name: "stars",
            options: undefined,
            required: true,
            type: 4,
          },
        ],
        required: false,
        type: 1,
      },
      {
        autocomplete: undefined,
        choices: undefined,
        description: "use tokens to buy tower sweeps",
        description_localizations: {
          "es-ES": "use tokens to buy tower sweeps",
        },
        max_value: undefined,
        min_value: undefined,
        name: "sweeps",
        options: [
          {
            autocomplete: undefined,
            choices: undefined,
            description: "the amount of sweeps you want to buy",
            description_localizations: {
              "es-ES": "the amount of sweeps you want to buy",
            },
            max_value: 99,
            min_value: 1,
            name: "amount",
            options: undefined,
            required: true,
            type: 4,
          },
        ],
        required: false,
        type: 1,
      },
    ],
    type: undefined,
  },
  {
    default_member_permissions: undefined,
    description: "token shop commands",
    description_localizations: {
      "es-ES": undefined,
    },
    dm_permission: false,
    name: "shop",
    options: [
      {
        autocomplete: undefined,
        choices: undefined,
        description: "use tokens to buy normal pulls",
        description_localizations: {
          "es-ES": "usa tokens para comprar tiradas normales",
        },
        max_value: undefined,
        min_value: undefined,
        name: "normal",
        options: [
          {
            autocomplete: undefined,
            choices: undefined,
            description: "the amount of pulls you want to buy",
            description_localizations: {
              "es-ES": "la cantidad de tiradas a comprar",
            },
            max_value: 99,
            min_value: 1,
            name: "amount",
            options: undefined,
            required: true,
            type: 4,
          },
        ],
        required: false,
        type: 1,
      },
      {
        autocomplete: undefined,
        choices: undefined,
        description: "use tokens to buy pulls with a specific guaranteed rating",
        description_localizations: {
          "es-ES": "usa tokens para comprar tiradas de un grado garantizado",
        },
        max_value: undefined,
        min_value: undefined,
        name: "guaranteed",
        options: [
          {
            autocomplete: undefined,
            choices: [
              {
                name: "5",
                value: 5,
              },
              {
                name: "4",
                value: 4,
              },
              {
                name: "3",
                value: 3,
              },
            ],
            description: "the star rating you want to buy",
            description_localizations: {
              "es-ES": "el grado de estrellas a comprar",
            },
            max_value: undefined,
            min_value: undefined,
            name: "stars",
            options: undefined,
            required: true,
            type: 4,
          },
        ],
        required: false,
        type: 1,
      },
      {
        autocomplete: undefined,
        choices: undefined,
        description: "use tokens to buy tower sweeps",
        description_localizations: {
          "es-ES": "use tokens to buy tower sweeps",
        },
        max_value: undefined,
        min_value: undefined,
        name: "sweeps",
        options: [
          {
            autocomplete: undefined,
            choices: undefined,
            description: "the amount of sweeps you want to buy",
            description_localizations: {
              "es-ES": "the amount of sweeps you want to buy",
            },
            max_value: 99,
            min_value: 1,
            name: "amount",
            options: undefined,
            required: true,
            type: 4,
          },
        ],
        required: false,
        type: 1,
      },
    ],
    type: undefined,
  },
  {
    default_member_permissions: undefined,
    description: undefined,
    description_localizations: {
      "es-ES": undefined,
    },
    dm_permission: false,
    name: "Party",
    options: undefined,
    type: 2,
  },
  {
    default_member_permissions: undefined,
    description: "party management commands",
    description_localizations: {
      "es-ES": undefined,
    },
    dm_permission: false,
    name: "party",
    options: [
      {
        autocomplete: undefined,
        choices: undefined,
        description: "view your current party",
        description_localizations: {
          "es-ES": "visualiza tu equipo actual",
        },
        max_value: undefined,
        min_value: undefined,
        name: "view",
        options: [
          {
            autocomplete: undefined,
            choices: undefined,
            description: "the user of the party",
            description_localizations: {
              "es-ES": "el usuario del equipo",
            },
            max_value: undefined,
            min_value: undefined,
            name: "user",
            options: undefined,
            required: false,
            type: 6,
          },
        ],
        required: false,
        type: 1,
      },
      {
        autocomplete: undefined,
        choices: undefined,
        description: "assign a character to your party",
        description_localizations: {
          "es-ES": "asigna personajes a tu equipo",
        },
        max_value: undefined,
        min_value: undefined,
        name: "assign",
        options: [
          {
            autocomplete: true,
            choices: undefined,
            description: "the name of the character",
            description_localizations: {
              "es-ES": "el nombre del personaje",
            },
            max_value: undefined,
            min_value: undefined,
            name: "name",
            options: undefined,
            required: true,
            type: 3,
          },
          {
            autocomplete: undefined,
            choices: [
              {
                name: "1",
                value: 1,
              },
              {
                name: "2",
                value: 2,
              },
              {
                name: "3",
                value: 3,
              },
              {
                name: "4",
                value: 4,
              },
              {
                name: "5",
                value: 5,
              },
            ],
            description: "the spot where you want this character",
            description_localizations: {
              "es-ES": "el puesto en el que quieres a este personaje",
            },
            max_value: undefined,
            min_value: undefined,
            name: "spot",
            options: undefined,
            required: false,
            type: 4,
          },
        ],
        required: false,
        type: 1,
      },
      {
        autocomplete: undefined,
        choices: undefined,
        description: "swap characters spots with each others",
        description_localizations: {
          "es-ES": "intercambia puestos de tu equipo",
        },
        max_value: undefined,
        min_value: undefined,
        name: "swap",
        options: [
          {
            autocomplete: undefined,
            choices: [
              {
                name: "1",
                value: 1,
              },
              {
                name: "2",
                value: 2,
              },
              {
                name: "3",
                value: 3,
              },
              {
                name: "4",
                value: 4,
              },
              {
                name: "5",
                value: 5,
              },
            ],
            description: "the first target of the swap",
            description_localizations: {
              "es-ES": "el primer objetivo del intercambio",
            },
            max_value: undefined,
            min_value: undefined,
            name: "a",
            options: undefined,
            required: true,
            type: 4,
          },
          {
            autocomplete: undefined,
            choices: [
              {
                name: "1",
                value: 1,
              },
              {
                name: "2",
                value: 2,
              },
              {
                name: "3",
                value: 3,
              },
              {
                name: "4",
                value: 4,
              },
              {
                name: "5",
                value: 5,
              },
            ],
            description: "the second target of the swap",
            description_localizations: {
              "es-ES": "el segundo objetivo del intercambio",
            },
            max_value: undefined,
            min_value: undefined,
            name: "b",
            options: undefined,
            required: true,
            type: 4,
          },
        ],
        required: false,
        type: 1,
      },
      {
        autocomplete: undefined,
        choices: undefined,
        description: "remove a character from your party",
        description_localizations: {
          "es-ES": "quita a un personaje de tu equipo",
        },
        max_value: undefined,
        min_value: undefined,
        name: "remove",
        options: [
          {
            autocomplete: undefined,
            choices: [
              {
                name: "1",
                value: 1,
              },
              {
                name: "2",
                value: 2,
              },
              {
                name: "3",
                value: 3,
              },
              {
                name: "4",
                value: 4,
              },
              {
                name: "5",
                value: 5,
              },
            ],
            description: "the spot to empty",
            description_localizations: {
              "es-ES": "el puesto a liberar",
            },
            max_value: undefined,
            min_value: undefined,
            name: "spot",
            options: undefined,
            required: true,
            type: 4,
          },
        ],
        required: false,
        type: 1,
      },
    ],
    type: undefined,
  },
  {
    default_member_permissions: undefined,
    description: "party management commands",
    description_localizations: {
      "es-ES": undefined,
    },
    dm_permission: false,
    name: "team",
    options: [
      {
        autocomplete: undefined,
        choices: undefined,
        description: "view your current party",
        description_localizations: {
          "es-ES": "visualiza tu equipo actual",
        },
        max_value: undefined,
        min_value: undefined,
        name: "view",
        options: [
          {
            autocomplete: undefined,
            choices: undefined,
            description: "the user of the party",
            description_localizations: {
              "es-ES": "el usuario del equipo",
            },
            max_value: undefined,
            min_value: undefined,
            name: "user",
            options: undefined,
            required: false,
            type: 6,
          },
        ],
        required: false,
        type: 1,
      },
      {
        autocomplete: undefined,
        choices: undefined,
        description: "assign a character to your party",
        description_localizations: {
          "es-ES": "asigna personajes a tu equipo",
        },
        max_value: undefined,
        min_value: undefined,
        name: "assign",
        options: [
          {
            autocomplete: true,
            choices: undefined,
            description: "the name of the character",
            description_localizations: {
              "es-ES": "el nombre del personaje",
            },
            max_value: undefined,
            min_value: undefined,
            name: "name",
            options: undefined,
            required: true,
            type: 3,
          },
          {
            autocomplete: undefined,
            choices: [
              {
                name: "1",
                value: 1,
              },
              {
                name: "2",
                value: 2,
              },
              {
                name: "3",
                value: 3,
              },
              {
                name: "4",
                value: 4,
              },
              {
                name: "5",
                value: 5,
              },
            ],
            description: "the spot where you want this character",
            description_localizations: {
              "es-ES": "el puesto en el que quieres a este personaje",
            },
            max_value: undefined,
            min_value: undefined,
            name: "spot",
            options: undefined,
            required: false,
            type: 4,
          },
        ],
        required: false,
        type: 1,
      },
      {
        autocomplete: undefined,
        choices: undefined,
        description: "swap characters spots with each others",
        description_localizations: {
          "es-ES": "intercambia puestos de tu equipo",
        },
        max_value: undefined,
        min_value: undefined,
        name: "swap",
        options: [
          {
            autocomplete: undefined,
            choices: [
              {
                name: "1",
                value: 1,
              },
              {
                name: "2",
                value: 2,
              },
              {
                name: "3",
                value: 3,
              },
              {
                name: "4",
                value: 4,
              },
              {
                name: "5",
                value: 5,
              },
            ],
            description: "the first target of the swap",
            description_localizations: {
              "es-ES": "el primer objetivo del intercambio",
            },
            max_value: undefined,
            min_value: undefined,
            name: "a",
            options: undefined,
            required: true,
            type: 4,
          },
          {
            autocomplete: undefined,
            choices: [
              {
                name: "1",
                value: 1,
              },
              {
                name: "2",
                value: 2,
              },
              {
                name: "3",
                value: 3,
              },
              {
                name: "4",
                value: 4,
              },
              {
                name: "5",
                value: 5,
              },
            ],
            description: "the second target of the swap",
            description_localizations: {
              "es-ES": "el segundo objetivo del intercambio",
            },
            max_value: undefined,
            min_value: undefined,
            name: "b",
            options: undefined,
            required: true,
            type: 4,
          },
        ],
        required: false,
        type: 1,
      },
      {
        autocomplete: undefined,
        choices: undefined,
        description: "remove a character from your party",
        description_localizations: {
          "es-ES": "quita a un personaje de tu equipo",
        },
        max_value: undefined,
        min_value: undefined,
        name: "remove",
        options: [
          {
            autocomplete: undefined,
            choices: [
              {
                name: "1",
                value: 1,
              },
              {
                name: "2",
                value: 2,
              },
              {
                name: "3",
                value: 3,
              },
              {
                name: "4",
                value: 4,
              },
              {
                name: "5",
                value: 5,
              },
            ],
            description: "the spot to empty",
            description_localizations: {
              "es-ES": "el puesto a liberar",
            },
            max_value: undefined,
            min_value: undefined,
            name: "spot",
            options: undefined,
            required: true,
            type: 4,
          },
        ],
        required: false,
        type: 1,
      },
    ],
    type: undefined,
  },
  {
    default_member_permissions: undefined,
    description: "party management commands",
    description_localizations: {
      "es-ES": undefined,
    },
    dm_permission: false,
    name: "p",
    options: [
      {
        autocomplete: undefined,
        choices: undefined,
        description: "view your current party",
        description_localizations: {
          "es-ES": "visualiza tu equipo actual",
        },
        max_value: undefined,
        min_value: undefined,
        name: "view",
        options: [
          {
            autocomplete: undefined,
            choices: undefined,
            description: "the user of the party",
            description_localizations: {
              "es-ES": "el usuario del equipo",
            },
            max_value: undefined,
            min_value: undefined,
            name: "user",
            options: undefined,
            required: false,
            type: 6,
          },
        ],
        required: false,
        type: 1,
      },
      {
        autocomplete: undefined,
        choices: undefined,
        description: "assign a character to your party",
        description_localizations: {
          "es-ES": "asigna personajes a tu equipo",
        },
        max_value: undefined,
        min_value: undefined,
        name: "assign",
        options: [
          {
            autocomplete: true,
            choices: undefined,
            description: "the name of the character",
            description_localizations: {
              "es-ES": "el nombre del personaje",
            },
            max_value: undefined,
            min_value: undefined,
            name: "name",
            options: undefined,
            required: true,
            type: 3,
          },
          {
            autocomplete: undefined,
            choices: [
              {
                name: "1",
                value: 1,
              },
              {
                name: "2",
                value: 2,
              },
              {
                name: "3",
                value: 3,
              },
              {
                name: "4",
                value: 4,
              },
              {
                name: "5",
                value: 5,
              },
            ],
            description: "the spot where you want this character",
            description_localizations: {
              "es-ES": "el puesto en el que quieres a este personaje",
            },
            max_value: undefined,
            min_value: undefined,
            name: "spot",
            options: undefined,
            required: false,
            type: 4,
          },
        ],
        required: false,
        type: 1,
      },
      {
        autocomplete: undefined,
        choices: undefined,
        description: "swap characters spots with each others",
        description_localizations: {
          "es-ES": "intercambia puestos de tu equipo",
        },
        max_value: undefined,
        min_value: undefined,
        name: "swap",
        options: [
          {
            autocomplete: undefined,
            choices: [
              {
                name: "1",
                value: 1,
              },
              {
                name: "2",
                value: 2,
              },
              {
                name: "3",
                value: 3,
              },
              {
                name: "4",
                value: 4,
              },
              {
                name: "5",
                value: 5,
              },
            ],
            description: "the first target of the swap",
            description_localizations: {
              "es-ES": "el primer objetivo del intercambio",
            },
            max_value: undefined,
            min_value: undefined,
            name: "a",
            options: undefined,
            required: true,
            type: 4,
          },
          {
            autocomplete: undefined,
            choices: [
              {
                name: "1",
                value: 1,
              },
              {
                name: "2",
                value: 2,
              },
              {
                name: "3",
                value: 3,
              },
              {
                name: "4",
                value: 4,
              },
              {
                name: "5",
                value: 5,
              },
            ],
            description: "the second target of the swap",
            description_localizations: {
              "es-ES": "el segundo objetivo del intercambio",
            },
            max_value: undefined,
            min_value: undefined,
            name: "b",
            options: undefined,
            required: true,
            type: 4,
          },
        ],
        required: false,
        type: 1,
      },
      {
        autocomplete: undefined,
        choices: undefined,
        description: "remove a character from your party",
        description_localizations: {
          "es-ES": "quita a un personaje de tu equipo",
        },
        max_value: undefined,
        min_value: undefined,
        name: "remove",
        options: [
          {
            autocomplete: undefined,
            choices: [
              {
                name: "1",
                value: 1,
              },
              {
                name: "2",
                value: 2,
              },
              {
                name: "3",
                value: 3,
              },
              {
                name: "4",
                value: 4,
              },
              {
                name: "5",
                value: 5,
              },
            ],
            description: "the spot to empty",
            description_localizations: {
              "es-ES": "el puesto a liberar",
            },
            max_value: undefined,
            min_value: undefined,
            name: "spot",
            options: undefined,
            required: true,
            type: 4,
          },
        ],
        required: false,
        type: 1,
      },
    ],
    type: undefined,
  },
  {
    default_member_permissions: undefined,
    description: "collection browsing commands",
    description_localizations: {
      "es-ES": undefined,
    },
    dm_permission: false,
    name: "collection",
    options: [
      {
        autocomplete: undefined,
        choices: undefined,
        description: "view user stars",
        description_localizations: {
          "es-ES": "visualiza tus personajes de un grado concreto",
        },
        max_value: undefined,
        min_value: undefined,
        name: "stars",
        options: [
          {
            autocomplete: undefined,
            choices: [
              {
                name: "5",
                value: 5,
              },
              {
                name: "4",
                value: 4,
              },
              {
                name: "3",
                value: 3,
              },
              {
                name: "2",
                value: 2,
              },
              {
                name: "1",
                value: 1,
              },
            ],
            description: "the star rating",
            description_localizations: {
              "es-ES": "el grado de estrellas",
            },
            max_value: undefined,
            min_value: undefined,
            name: "rating",
            options: undefined,
            required: true,
            type: 4,
          },
          {
            autocomplete: undefined,
            choices: undefined,
            description: "the user of the list",
            description_localizations: {
              "es-ES": "el usuario de la lista",
            },
            max_value: undefined,
            min_value: undefined,
            name: "user",
            options: undefined,
            required: false,
            type: 6,
          },
        ],
        required: false,
        type: 1,
      },
      {
        autocomplete: undefined,
        choices: undefined,
        description: "view user characters in a specific series",
        description_localizations: {
          "es-ES": "visualiza tus personajes de una serie específica",
        },
        max_value: undefined,
        min_value: undefined,
        name: "media",
        options: [
          {
            autocomplete: true,
            choices: undefined,
            description: "the title of the series",
            description_localizations: {
              "es-ES": "el título de la serie",
            },
            max_value: undefined,
            min_value: undefined,
            name: "title",
            options: undefined,
            required: true,
            type: 3,
          },
          {
            autocomplete: undefined,
            choices: undefined,
            description: "the user of the list",
            description_localizations: {
              "es-ES": "el usuario de la lista",
            },
            max_value: undefined,
            min_value: undefined,
            name: "user",
            options: undefined,
            required: false,
            type: 6,
          },
        ],
        required: false,
        type: 1,
      },
      {
        autocomplete: undefined,
        choices: undefined,
        description: "view the sum numbers of a user collection",
        description_localizations: {
          "es-ES": "visualiza la suma total de la colección de un usuario",
        },
        max_value: undefined,
        min_value: undefined,
        name: "sum",
        options: [
          {
            autocomplete: undefined,
            choices: undefined,
            description: "the user of the list",
            description_localizations: {
              "es-ES": "el usuario de la lista",
            },
            max_value: undefined,
            min_value: undefined,
            name: "user",
            options: undefined,
            required: false,
            type: 6,
          },
        ],
        required: false,
        type: 1,
      },
    ],
    type: undefined,
  },
  {
    default_member_permissions: undefined,
    description: "collection browsing commands",
    description_localizations: {
      "es-ES": undefined,
    },
    dm_permission: false,
    name: "coll",
    options: [
      {
        autocomplete: undefined,
        choices: undefined,
        description: "view user stars",
        description_localizations: {
          "es-ES": "visualiza tus personajes de un grado concreto",
        },
        max_value: undefined,
        min_value: undefined,
        name: "stars",
        options: [
          {
            autocomplete: undefined,
            choices: [
              {
                name: "5",
                value: 5,
              },
              {
                name: "4",
                value: 4,
              },
              {
                name: "3",
                value: 3,
              },
              {
                name: "2",
                value: 2,
              },
              {
                name: "1",
                value: 1,
              },
            ],
            description: "the star rating",
            description_localizations: {
              "es-ES": "el grado de estrellas",
            },
            max_value: undefined,
            min_value: undefined,
            name: "rating",
            options: undefined,
            required: true,
            type: 4,
          },
          {
            autocomplete: undefined,
            choices: undefined,
            description: "the user of the list",
            description_localizations: {
              "es-ES": "el usuario de la lista",
            },
            max_value: undefined,
            min_value: undefined,
            name: "user",
            options: undefined,
            required: false,
            type: 6,
          },
        ],
        required: false,
        type: 1,
      },
      {
        autocomplete: undefined,
        choices: undefined,
        description: "view user characters in a specific series",
        description_localizations: {
          "es-ES": "visualiza tus personajes de una serie específica",
        },
        max_value: undefined,
        min_value: undefined,
        name: "media",
        options: [
          {
            autocomplete: true,
            choices: undefined,
            description: "the title of the series",
            description_localizations: {
              "es-ES": "el título de la serie",
            },
            max_value: undefined,
            min_value: undefined,
            name: "title",
            options: undefined,
            required: true,
            type: 3,
          },
          {
            autocomplete: undefined,
            choices: undefined,
            description: "the user of the list",
            description_localizations: {
              "es-ES": "el usuario de la lista",
            },
            max_value: undefined,
            min_value: undefined,
            name: "user",
            options: undefined,
            required: false,
            type: 6,
          },
        ],
        required: false,
        type: 1,
      },
      {
        autocomplete: undefined,
        choices: undefined,
        description: "view the sum numbers of a user collection",
        description_localizations: {
          "es-ES": "visualiza la suma total de la colección de un usuario",
        },
        max_value: undefined,
        min_value: undefined,
        name: "sum",
        options: [
          {
            autocomplete: undefined,
            choices: undefined,
            description: "the user of the list",
            description_localizations: {
              "es-ES": "el usuario de la lista",
            },
            max_value: undefined,
            min_value: undefined,
            name: "user",
            options: undefined,
            required: false,
            type: 6,
          },
        ],
        required: false,
        type: 1,
      },
    ],
    type: undefined,
  },
  {
    default_member_permissions: undefined,
    description: "collection browsing commands",
    description_localizations: {
      "es-ES": undefined,
    },
    dm_permission: false,
    name: "mm",
    options: [
      {
        autocomplete: undefined,
        choices: undefined,
        description: "view user stars",
        description_localizations: {
          "es-ES": "visualiza tus personajes de un grado concreto",
        },
        max_value: undefined,
        min_value: undefined,
        name: "stars",
        options: [
          {
            autocomplete: undefined,
            choices: [
              {
                name: "5",
                value: 5,
              },
              {
                name: "4",
                value: 4,
              },
              {
                name: "3",
                value: 3,
              },
              {
                name: "2",
                value: 2,
              },
              {
                name: "1",
                value: 1,
              },
            ],
            description: "the star rating",
            description_localizations: {
              "es-ES": "el grado de estrellas",
            },
            max_value: undefined,
            min_value: undefined,
            name: "rating",
            options: undefined,
            required: true,
            type: 4,
          },
          {
            autocomplete: undefined,
            choices: undefined,
            description: "the user of the list",
            description_localizations: {
              "es-ES": "el usuario de la lista",
            },
            max_value: undefined,
            min_value: undefined,
            name: "user",
            options: undefined,
            required: false,
            type: 6,
          },
        ],
        required: false,
        type: 1,
      },
      {
        autocomplete: undefined,
        choices: undefined,
        description: "view user characters in a specific series",
        description_localizations: {
          "es-ES": "visualiza tus personajes de una serie específica",
        },
        max_value: undefined,
        min_value: undefined,
        name: "media",
        options: [
          {
            autocomplete: true,
            choices: undefined,
            description: "the title of the series",
            description_localizations: {
              "es-ES": "el título de la serie",
            },
            max_value: undefined,
            min_value: undefined,
            name: "title",
            options: undefined,
            required: true,
            type: 3,
          },
          {
            autocomplete: undefined,
            choices: undefined,
            description: "the user of the list",
            description_localizations: {
              "es-ES": "el usuario de la lista",
            },
            max_value: undefined,
            min_value: undefined,
            name: "user",
            options: undefined,
            required: false,
            type: 6,
          },
        ],
        required: false,
        type: 1,
      },
      {
        autocomplete: undefined,
        choices: undefined,
        description: "view the sum numbers of a user collection",
        description_localizations: {
          "es-ES": "visualiza la suma total de la colección de un usuario",
        },
        max_value: undefined,
        min_value: undefined,
        name: "sum",
        options: [
          {
            autocomplete: undefined,
            choices: undefined,
            description: "the user of the list",
            description_localizations: {
              "es-ES": "el usuario de la lista",
            },
            max_value: undefined,
            min_value: undefined,
            name: "user",
            options: undefined,
            required: false,
            type: 6,
          },
        ],
        required: false,
        type: 1,
      },
    ],
    type: undefined,
  },
  {
    default_member_permissions: undefined,
    description: "community packs management commands",
    description_localizations: {
      "es-ES": undefined,
    },
    dm_permission: false,
    name: "installed",
    options: [
      {
        autocomplete: undefined,
        choices: undefined,
        description: "list all the installed packs on a server",
        description_localizations: {
          "es-ES": "muestra todos los packs del servidor",
        },
        max_value: undefined,
        min_value: undefined,
        name: "packs",
        options: undefined,
        required: false,
        type: 1,
      },
    ],
    type: undefined,
  },
  {
    default_member_permissions: 32,
    description: "community packs management commands",
    description_localizations: {
      "es-ES": undefined,
    },
    dm_permission: false,
    name: "community",
    options: [
      {
        autocomplete: undefined,
        choices: undefined,
        description: "browse the most popular community packs",
        description_localizations: {
          "es-ES": "explora los packs de la comunidad más populares",
        },
        max_value: undefined,
        min_value: undefined,
        name: "popular",
        options: undefined,
        required: false,
        type: 1,
      },
      {
        autocomplete: undefined,
        choices: undefined,
        description: "install a community pack",
        description_localizations: {
          "es-ES": "instala un pack de la comunidad",
        },
        max_value: undefined,
        min_value: undefined,
        name: "install",
        options: [
          {
            autocomplete: undefined,
            choices: undefined,
            description: "the id of the pack",
            description_localizations: {
              "es-ES": "el id del pack",
            },
            max_value: undefined,
            min_value: undefined,
            name: "id",
            options: undefined,
            required: true,
            type: 3,
          },
        ],
        required: false,
        type: 1,
      },
      {
        autocomplete: undefined,
        choices: undefined,
        description: "uninstall a community pack",
        description_localizations: {
          "es-ES": "desinstala un pack de la comunidad",
        },
        max_value: undefined,
        min_value: undefined,
        name: "uninstall",
        options: [
          {
            autocomplete: true,
            choices: undefined,
            description: "the id of the pack",
            description_localizations: {
              "es-ES": "el id del pack",
            },
            max_value: undefined,
            min_value: undefined,
            name: "id",
            options: undefined,
            required: true,
            type: 3,
          },
        ],
        required: false,
        type: 1,
      },
    ],
    type: undefined,
  },
  {
    default_member_permissions: undefined,
    description: "manage your characters stat points and skills",
    description_localizations: {
      "es-ES": "administra las estadísticas y habilidades de tus personajes",
    },
    dm_permission: false,
    name: "stats",
    options: [
      {
        autocomplete: true,
        choices: undefined,
        description: "the name of the character",
        description_localizations: {
          "es-ES": "el nombre del personaje",
        },
        max_value: undefined,
        min_value: undefined,
        name: "name",
        options: undefined,
        required: true,
        type: 3,
      },
      {
        autocomplete: undefined,
        choices: undefined,
        description: "quickly set your character stats in one command (format: str-sta-agi)",
        description_localizations: {
          "es-ES": "establece las stats de tu personaje rápidamente (formato: FUE-RES-AGI)",
        },
        max_value: undefined,
        min_value: undefined,
        name: "distribution",
        options: undefined,
        required: false,
        type: 3,
      },
    ],
    type: undefined,
  },
  {
    default_member_permissions: undefined,
    description: "characters skill management",
    description_localizations: {
      "es-ES": undefined,
    },
    dm_permission: false,
    name: "skills",
    options: [
      {
        autocomplete: undefined,
        choices: undefined,
        description: "Show all available skills and their details",
        description_localizations: {
          "es-ES": "Show all available skills and their details",
        },
        max_value: undefined,
        min_value: undefined,
        name: "showall",
        options: undefined,
        required: false,
        type: 1,
      },
      {
        autocomplete: undefined,
        choices: undefined,
        description: "Teach a character a skill",
        description_localizations: {
          "es-ES": "Teach a character a skill",
        },
        max_value: undefined,
        min_value: undefined,
        name: "acquire",
        options: [
          {
            autocomplete: true,
            choices: undefined,
            description: "the name of the character",
            description_localizations: {
              "es-ES": "el nombre del personaje",
            },
            max_value: undefined,
            min_value: undefined,
            name: "character",
            options: undefined,
            required: true,
            type: 3,
          },
          {
            autocomplete: true,
            choices: undefined,
            description: "the name of the required skill",
            description_localizations: {
              "es-ES": "the name of the required skill",
            },
            max_value: undefined,
            min_value: undefined,
            name: "skill",
            options: undefined,
            required: true,
            type: 3,
          },
        ],
        required: false,
        type: 1,
      },
      {
        autocomplete: undefined,
        choices: undefined,
        description: "Upgrade a character's skill",
        description_localizations: {
          "es-ES": "Upgrade a character's skill",
        },
        max_value: undefined,
        min_value: undefined,
        name: "upgrade",
        options: [
          {
            autocomplete: true,
            choices: undefined,
            description: "the name of the character",
            description_localizations: {
              "es-ES": "el nombre del personaje",
            },
            max_value: undefined,
            min_value: undefined,
            name: "character",
            options: undefined,
            required: true,
            type: 3,
          },
          {
            autocomplete: true,
            choices: undefined,
            description: "the name of the required skill",
            description_localizations: {
              "es-ES": "the name of the required skill",
            },
            max_value: undefined,
            min_value: undefined,
            name: "skill",
            options: undefined,
            required: true,
            type: 3,
          },
        ],
        required: false,
        type: 1,
      },
    ],
    type: undefined,
  },
  {
    default_member_permissions: undefined,
    description: undefined,
    description_localizations: {
      "es-ES": undefined,
    },
    dm_permission: false,
    name: "Battle",
    options: undefined,
    type: 2,
  },
  {
    default_member_permissions: undefined,
    description: "battle/combat commands",
    description_localizations: {
      "es-ES": undefined,
    },
    dm_permission: false,
    name: "battle",
    options: [
      {
        autocomplete: undefined,
        choices: undefined,
        description: "Battle against another player to test your party",
        description_localizations: {
          "es-ES": "Battle against another player to test your party",
        },
        max_value: undefined,
        min_value: undefined,
        name: "friend",
        options: [
          {
            autocomplete: undefined,
            choices: undefined,
            description: "the user to battle against",
            description_localizations: {
              "es-ES": "el usuario contra el que pelearás",
            },
            max_value: undefined,
            min_value: undefined,
            name: "versus",
            options: undefined,
            required: true,
            type: 6,
          },
        ],
        required: false,
        type: 1,
      },
      {
        autocomplete: undefined,
        choices: undefined,
        description: "Climb the tower to glory and become a fable",
        description_localizations: {
          "es-ES": "Climb the tower to glory and become a fable",
        },
        max_value: undefined,
        min_value: undefined,
        name: "tower",
        options: undefined,
        required: false,
        type: 1,
      },
    ],
    type: undefined,
  },
  {
    default_member_permissions: undefined,
    description: "battle/combat commands",
    description_localizations: {
      "es-ES": undefined,
    },
    dm_permission: false,
    name: "bt",
    options: [
      {
        autocomplete: undefined,
        choices: undefined,
        description: "Battle against another player to test your party",
        description_localizations: {
          "es-ES": "Battle against another player to test your party",
        },
        max_value: undefined,
        min_value: undefined,
        name: "friend",
        options: [
          {
            autocomplete: undefined,
            choices: undefined,
            description: "the user to battle against",
            description_localizations: {
              "es-ES": "el usuario contra el que pelearás",
            },
            max_value: undefined,
            min_value: undefined,
            name: "versus",
            options: undefined,
            required: true,
            type: 6,
          },
        ],
        required: false,
        type: 1,
      },
      {
        autocomplete: undefined,
        choices: undefined,
        description: "Climb the tower to glory and become a fable",
        description_localizations: {
          "es-ES": "Climb the tower to glory and become a fable",
        },
        max_value: undefined,
        min_value: undefined,
        name: "tower",
        options: undefined,
        required: false,
        type: 1,
      },
    ],
    type: undefined,
  },
  {
    default_member_permissions: undefined,
    description: "Sweep your current battle tower floor for exp",
    description_localizations: {
      "es-ES": "Sweep your current battle tower floor for exp",
    },
    dm_permission: false,
    name: "sweep",
    options: undefined,
    type: undefined,
  },
]
`;
