export const snapshot = {};

snapshot[`commands 1`] = `
[
  {
    default_member_permissions: undefined,
    description: "Search for a specific series",
    name: "search",
    options: [
      {
        autocomplete: true,
        choices: undefined,
        description: "The title of the media",
        name: "title",
        options: undefined,
        required: true,
        type: 3,
      },
      {
        autocomplete: undefined,
        choices: undefined,
        description: "Display the nerdy stuff",
        name: "debug",
        options: undefined,
        required: false,
        type: 5,
      },
    ],
  },
  {
    default_member_permissions: undefined,
    description: "Search for a specific series",
    name: "anime",
    options: [
      {
        autocomplete: true,
        choices: undefined,
        description: "The title of the media",
        name: "title",
        options: undefined,
        required: true,
        type: 3,
      },
      {
        autocomplete: undefined,
        choices: undefined,
        description: "Display the nerdy stuff",
        name: "debug",
        options: undefined,
        required: false,
        type: 5,
      },
    ],
  },
  {
    default_member_permissions: undefined,
    description: "Search for a specific series",
    name: "manga",
    options: [
      {
        autocomplete: true,
        choices: undefined,
        description: "The title of the media",
        name: "title",
        options: undefined,
        required: true,
        type: 3,
      },
      {
        autocomplete: undefined,
        choices: undefined,
        description: "Display the nerdy stuff",
        name: "debug",
        options: undefined,
        required: false,
        type: 5,
      },
    ],
  },
  {
    default_member_permissions: undefined,
    description: "Search for a specific series",
    name: "media",
    options: [
      {
        autocomplete: true,
        choices: undefined,
        description: "The title of the media",
        name: "title",
        options: undefined,
        required: true,
        type: 3,
      },
      {
        autocomplete: undefined,
        choices: undefined,
        description: "Display the nerdy stuff",
        name: "debug",
        options: undefined,
        required: false,
        type: 5,
      },
    ],
  },
  {
    default_member_permissions: undefined,
    description: "Search for a specific character",
    name: "character",
    options: [
      {
        autocomplete: true,
        choices: undefined,
        description: "The name of the character",
        name: "name",
        options: undefined,
        required: true,
        type: 3,
      },
      {
        autocomplete: undefined,
        choices: undefined,
        description: "Display the nerdy stuff",
        name: "debug",
        options: undefined,
        required: false,
        type: 5,
      },
    ],
  },
  {
    default_member_permissions: undefined,
    description: "Search for a specific character",
    name: "char",
    options: [
      {
        autocomplete: true,
        choices: undefined,
        description: "The name of the character",
        name: "name",
        options: undefined,
        required: true,
        type: 3,
      },
      {
        autocomplete: undefined,
        choices: undefined,
        description: "Display the nerdy stuff",
        name: "debug",
        options: undefined,
        required: false,
        type: 5,
      },
    ],
  },
  {
    default_member_permissions: undefined,
    description: "Search for a specific character",
    name: "im",
    options: [
      {
        autocomplete: true,
        choices: undefined,
        description: "The name of the character",
        name: "name",
        options: undefined,
        required: true,
        type: 3,
      },
      {
        autocomplete: undefined,
        choices: undefined,
        description: "Display the nerdy stuff",
        name: "debug",
        options: undefined,
        required: false,
        type: 5,
      },
    ],
  },
  {
    default_member_permissions: undefined,
    description: "New to Fable? We got you",
    name: "help",
    options: undefined,
  },
  {
    default_member_permissions: undefined,
    description: "New to Fable? We got you",
    name: "start",
    options: undefined,
  },
  {
    default_member_permissions: undefined,
    description: "New to Fable? We got you",
    name: "guide",
    options: undefined,
  },
  {
    default_member_permissions: undefined,
    description: "New to Fable? We got you",
    name: "tuto",
    options: undefined,
  },
  {
    default_member_permissions: undefined,
    description: "Check what you can do right now",
    name: "now",
    options: undefined,
  },
  {
    default_member_permissions: undefined,
    description: "Check what you can do right now",
    name: "checklist",
    options: undefined,
  },
  {
    default_member_permissions: undefined,
    description: "Check what you can do right now",
    name: "cl",
    options: undefined,
  },
  {
    default_member_permissions: undefined,
    description: "Check what you can do right now",
    name: "tu",
    options: undefined,
  },
  {
    default_member_permissions: undefined,
    description: "Start a gacha pull",
    name: "gacha",
    options: undefined,
  },
  {
    default_member_permissions: undefined,
    description: "Start a gacha pull",
    name: "w",
    options: undefined,
  },
  {
    default_member_permissions: undefined,
    description: "Start a quiet gacha pull with no animation",
    name: "pull",
    options: undefined,
  },
  {
    default_member_permissions: undefined,
    description: "Start a quiet gacha pull with no animation",
    name: "q",
    options: undefined,
  },
  {
    default_member_permissions: undefined,
    description: "Preform a fake gacha pull (Developer Only)",
    name: "fake_pull",
    options: [
      {
        autocomplete: undefined,
        choices: undefined,
        description: "The id of the character",
        name: "id",
        options: undefined,
        required: true,
        type: 3,
      },
    ],
  },
  {
    default_member_permissions: undefined,
    description: "party management commands",
    name: "party",
    options: [
      {
        autocomplete: undefined,
        choices: undefined,
        description: "View your current party",
        name: "view",
        options: undefined,
        required: false,
        type: 1,
      },
      {
        autocomplete: undefined,
        choices: undefined,
        description: "Assign a character to your party",
        name: "assign",
        options: [
          {
            autocomplete: true,
            choices: undefined,
            description: "The name of the character",
            name: "name",
            options: undefined,
            required: true,
            type: 3,
          },
          {
            autocomplete: undefined,
            choices: [
              {
                name: "1",
                value: 1,
              },
              {
                name: "2",
                value: 2,
              },
              {
                name: "3",
                value: 3,
              },
              {
                name: "4",
                value: 4,
              },
              {
                name: "5",
                value: 5,
              },
            ],
            description: "The spot where you want this character",
            name: "spot",
            options: undefined,
            required: false,
            type: 4,
          },
        ],
        required: false,
        type: 1,
      },
      {
        autocomplete: undefined,
        choices: undefined,
        description: "Remove a character from your party",
        name: "remove",
        options: [
          {
            autocomplete: undefined,
            choices: [
              {
                name: "1",
                value: 1,
              },
              {
                name: "2",
                value: 2,
              },
              {
                name: "3",
                value: 3,
              },
              {
                name: "4",
                value: 4,
              },
              {
                name: "5",
                value: 5,
              },
            ],
            description: "The spot the character occupies",
            name: "spot",
            options: undefined,
            required: true,
            type: 4,
          },
        ],
        required: false,
        type: 1,
      },
    ],
  },
  {
    default_member_permissions: undefined,
    description: "party management commands",
    name: "team",
    options: [
      {
        autocomplete: undefined,
        choices: undefined,
        description: "View your current party",
        name: "view",
        options: undefined,
        required: false,
        type: 1,
      },
      {
        autocomplete: undefined,
        choices: undefined,
        description: "Assign a character to your party",
        name: "assign",
        options: [
          {
            autocomplete: true,
            choices: undefined,
            description: "The name of the character",
            name: "name",
            options: undefined,
            required: true,
            type: 3,
          },
          {
            autocomplete: undefined,
            choices: [
              {
                name: "1",
                value: 1,
              },
              {
                name: "2",
                value: 2,
              },
              {
                name: "3",
                value: 3,
              },
              {
                name: "4",
                value: 4,
              },
              {
                name: "5",
                value: 5,
              },
            ],
            description: "The spot where you want this character",
            name: "spot",
            options: undefined,
            required: false,
            type: 4,
          },
        ],
        required: false,
        type: 1,
      },
      {
        autocomplete: undefined,
        choices: undefined,
        description: "Remove a character from your party",
        name: "remove",
        options: [
          {
            autocomplete: undefined,
            choices: [
              {
                name: "1",
                value: 1,
              },
              {
                name: "2",
                value: 2,
              },
              {
                name: "3",
                value: 3,
              },
              {
                name: "4",
                value: 4,
              },
              {
                name: "5",
                value: 5,
              },
            ],
            description: "The spot the character occupies",
            name: "spot",
            options: undefined,
            required: true,
            type: 4,
          },
        ],
        required: false,
        type: 1,
      },
    ],
  },
  {
    default_member_permissions: undefined,
    description: "party management commands",
    name: "p",
    options: [
      {
        autocomplete: undefined,
        choices: undefined,
        description: "View your current party",
        name: "view",
        options: undefined,
        required: false,
        type: 1,
      },
      {
        autocomplete: undefined,
        choices: undefined,
        description: "Assign a character to your party",
        name: "assign",
        options: [
          {
            autocomplete: true,
            choices: undefined,
            description: "The name of the character",
            name: "name",
            options: undefined,
            required: true,
            type: 3,
          },
          {
            autocomplete: undefined,
            choices: [
              {
                name: "1",
                value: 1,
              },
              {
                name: "2",
                value: 2,
              },
              {
                name: "3",
                value: 3,
              },
              {
                name: "4",
                value: 4,
              },
              {
                name: "5",
                value: 5,
              },
            ],
            description: "The spot where you want this character",
            name: "spot",
            options: undefined,
            required: false,
            type: 4,
          },
        ],
        required: false,
        type: 1,
      },
      {
        autocomplete: undefined,
        choices: undefined,
        description: "Remove a character from your party",
        name: "remove",
        options: [
          {
            autocomplete: undefined,
            choices: [
              {
                name: "1",
                value: 1,
              },
              {
                name: "2",
                value: 2,
              },
              {
                name: "3",
                value: 3,
              },
              {
                name: "4",
                value: 4,
              },
              {
                name: "5",
                value: 5,
              },
            ],
            description: "The spot the character occupies",
            name: "spot",
            options: undefined,
            required: true,
            type: 4,
          },
        ],
        required: false,
        type: 1,
      },
    ],
  },
  {
    default_member_permissions: undefined,
    description: "collection browsing commands",
    name: "collection",
    options: [
      {
        autocomplete: undefined,
        choices: undefined,
        description: "View all your stars",
        name: "stars",
        options: [
          {
            autocomplete: undefined,
            choices: [
              {
                name: "5",
                value: 5,
              },
              {
                name: "4",
                value: 4,
              },
              {
                name: "3",
                value: 3,
              },
              {
                name: "2",
                value: 2,
              },
              {
                name: "1",
                value: 1,
              },
            ],
            description: "The star rating",
            name: "rating",
            options: undefined,
            required: true,
            type: 4,
          },
          {
            autocomplete: undefined,
            choices: undefined,
            description: "List someone else's stars",
            name: "user",
            options: undefined,
            required: false,
            type: 6,
          },
        ],
        required: false,
        type: 1,
      },
      {
        autocomplete: undefined,
        choices: undefined,
        description: "View your characters from a specific media",
        name: "media",
        options: [
          {
            autocomplete: true,
            choices: undefined,
            description: "The title of the media",
            name: "title",
            options: undefined,
            required: true,
            type: 3,
          },
          {
            autocomplete: undefined,
            choices: undefined,
            description: "View someone else's stars",
            name: "user",
            options: undefined,
            required: false,
            type: 6,
          },
        ],
        required: false,
        type: 1,
      },
    ],
  },
  {
    default_member_permissions: undefined,
    description: "collection browsing commands",
    name: "coll",
    options: [
      {
        autocomplete: undefined,
        choices: undefined,
        description: "View all your stars",
        name: "stars",
        options: [
          {
            autocomplete: undefined,
            choices: [
              {
                name: "5",
                value: 5,
              },
              {
                name: "4",
                value: 4,
              },
              {
                name: "3",
                value: 3,
              },
              {
                name: "2",
                value: 2,
              },
              {
                name: "1",
                value: 1,
              },
            ],
            description: "The star rating",
            name: "rating",
            options: undefined,
            required: true,
            type: 4,
          },
          {
            autocomplete: undefined,
            choices: undefined,
            description: "List someone else's stars",
            name: "user",
            options: undefined,
            required: false,
            type: 6,
          },
        ],
        required: false,
        type: 1,
      },
      {
        autocomplete: undefined,
        choices: undefined,
        description: "View your characters from a specific media",
        name: "media",
        options: [
          {
            autocomplete: true,
            choices: undefined,
            description: "The title of the media",
            name: "title",
            options: undefined,
            required: true,
            type: 3,
          },
          {
            autocomplete: undefined,
            choices: undefined,
            description: "View someone else's stars",
            name: "user",
            options: undefined,
            required: false,
            type: 6,
          },
        ],
        required: false,
        type: 1,
      },
    ],
  },
  {
    default_member_permissions: undefined,
    description: "collection browsing commands",
    name: "mm",
    options: [
      {
        autocomplete: undefined,
        choices: undefined,
        description: "View all your stars",
        name: "stars",
        options: [
          {
            autocomplete: undefined,
            choices: [
              {
                name: "5",
                value: 5,
              },
              {
                name: "4",
                value: 4,
              },
              {
                name: "3",
                value: 3,
              },
              {
                name: "2",
                value: 2,
              },
              {
                name: "1",
                value: 1,
              },
            ],
            description: "The star rating",
            name: "rating",
            options: undefined,
            required: true,
            type: 4,
          },
          {
            autocomplete: undefined,
            choices: undefined,
            description: "List someone else's stars",
            name: "user",
            options: undefined,
            required: false,
            type: 6,
          },
        ],
        required: false,
        type: 1,
      },
      {
        autocomplete: undefined,
        choices: undefined,
        description: "View your characters from a specific media",
        name: "media",
        options: [
          {
            autocomplete: true,
            choices: undefined,
            description: "The title of the media",
            name: "title",
            options: undefined,
            required: true,
            type: 3,
          },
          {
            autocomplete: undefined,
            choices: undefined,
            description: "View someone else's stars",
            name: "user",
            options: undefined,
            required: false,
            type: 6,
          },
        ],
        required: false,
        type: 1,
      },
    ],
  },
  {
    default_member_permissions: 32,
    description: "pack management commands",
    name: "packs",
    options: [
      {
        autocomplete: undefined,
        choices: undefined,
        description: "List all the builtin packs",
        name: "builtin",
        options: undefined,
        required: false,
        type: 1,
      },
      {
        autocomplete: undefined,
        choices: undefined,
        description: "List all instated community packs",
        name: "community",
        options: undefined,
        required: false,
        type: 1,
      },
      {
        autocomplete: undefined,
        choices: undefined,
        description: "Install a community pack",
        name: "install",
        options: [
          {
            autocomplete: undefined,
            choices: undefined,
            description: "A github repository url",
            name: "github",
            options: undefined,
            required: true,
            type: 3,
          },
          {
            autocomplete: undefined,
            choices: undefined,
            description: "A ref to a branch or commit sha",
            name: "ref",
            options: undefined,
            required: false,
            type: 3,
          },
        ],
        required: false,
        type: 1,
      },
      {
        autocomplete: undefined,
        choices: undefined,
        description: "Validate a community pack's manifest",
        name: "validate",
        options: [
          {
            autocomplete: undefined,
            choices: undefined,
            description: "A github repository url",
            name: "github",
            options: undefined,
            required: true,
            type: 3,
          },
          {
            autocomplete: undefined,
            choices: undefined,
            description: "A ref to a branch or commit sha",
            name: "ref",
            options: undefined,
            required: false,
            type: 3,
          },
        ],
        required: false,
        type: 1,
      },
    ],
  },
  {
    default_member_permissions: undefined,
    description: "A pack powered by [AniList](https://anilist.co).

Contains over 100K of anime and manga characters.",
    name: "anilist",
    options: [
      {
        autocomplete: undefined,
        choices: undefined,
        description: "Find when the next episode of an anime is airing",
        name: "next_episode",
        options: [
          {
            autocomplete: undefined,
            choices: undefined,
            description: "The title for an anime",
            name: "title",
            options: undefined,
            required: true,
            type: 3,
          },
        ],
        required: false,
        type: 1,
      },
    ],
  },
]
`;
